
===========================================================================
report_checks -unconstrained
===========================================================================
======================= max_tt_025C_1v80 Corner ===================================

Startpoint: rst (input port clocked by clk)
Endpoint: _426_ (recovery check against rising-edge clock clk)
Path Group: asynchronous
Path Type: max

Fanout         Cap        Slew       Delay        Time   Description
---------------------------------------------------------------------------------------------
                                  0.000000    0.000000   clock clk (rise edge)
                                  0.000000    0.000000   clock network delay (propagated)
                                  2.000000    2.000000 v input external delay
    64    0.358118    0.794492    0.614225    2.614225 v rst (in)
                                                         rst (net)
                      0.812624    0.000000    2.614225 v _362_/A (sky130_fd_sc_hd__inv_2)
     1    0.004884    0.135546    0.201124    2.815348 ^ _362_/Y (sky130_fd_sc_hd__inv_2)
                                                         _046_ (net)
                      0.135547    0.000255    2.815603 ^ _426_/RESET_B (sky130_fd_sc_hd__dfrtp_2)
                                              2.815603   data arrival time

                                 10.000000   10.000000   clock clk (rise edge)
                                  0.000000   10.000000   clock source latency
     1    0.021095    0.100352    0.069858   10.069859 ^ clk (in)
                                                         clk (net)
                      0.100398    0.000000   10.069859 ^ clkbuf_0_clk/A (sky130_fd_sc_hd__clkbuf_16)
     8    0.085695    0.102660    0.194005   10.263863 ^ clkbuf_0_clk/X (sky130_fd_sc_hd__clkbuf_16)
                                                         clknet_0_clk (net)
                      0.102896    0.003484   10.267347 ^ clkbuf_3_2__f_clk/A (sky130_fd_sc_hd__clkbuf_16)
     9    0.027491    0.048651    0.152534   10.419881 ^ clkbuf_3_2__f_clk/X (sky130_fd_sc_hd__clkbuf_16)
                                                         clknet_3_2__leaf_clk (net)
                      0.048998    0.003589   10.423470 ^ _426_/CLK (sky130_fd_sc_hd__dfrtp_2)
                                 -0.250000   10.173470   clock uncertainty
                                  0.000000   10.173470   clock reconvergence pessimism
                                  0.193411   10.366881   library recovery time
                                             10.366881   data required time
---------------------------------------------------------------------------------------------
                                             10.366881   data required time
                                             -2.815603   data arrival time
---------------------------------------------------------------------------------------------
                                              7.551277   slack (MET)


Startpoint: y (input port clocked by clk)
Endpoint: _454_ (rising edge-triggered flip-flop clocked by clk)
Path Group: clk
Path Type: max

Fanout         Cap        Slew       Delay        Time   Description
---------------------------------------------------------------------------------------------
                                  0.000000    0.000000   clock clk (rise edge)
                                  0.000000    0.000000   clock network delay (propagated)
                                  2.000000    2.000000 ^ input external delay
    64    0.320879    1.437846    1.040736    3.040736 ^ y (in)
                                                         y (net)
                      1.450877    0.000000    3.040736 ^ _291_/A (sky130_fd_sc_hd__nand2_2)
     1    0.009937    0.229400    0.144423    3.185159 v _291_/Y (sky130_fd_sc_hd__nand2_2)
                                                         _156_ (net)
                      0.229404    0.000821    3.185980 v _294_/A (sky130_fd_sc_hd__xnor2_2)
     1    0.002662    0.048731    0.200694    3.386674 v _294_/Y (sky130_fd_sc_hd__xnor2_2)
                                                         genblk1[19].csa.hsum2 (net)
                      0.048732    0.000175    3.386849 v _454_/D (sky130_fd_sc_hd__dfrtp_2)
                                              3.386849   data arrival time

                                 10.000000   10.000000   clock clk (rise edge)
                                  0.000000   10.000000   clock source latency
     1    0.021095    0.100352    0.069858   10.069859 ^ clk (in)
                                                         clk (net)
                      0.100398    0.000000   10.069859 ^ clkbuf_0_clk/A (sky130_fd_sc_hd__clkbuf_16)
     8    0.085695    0.102660    0.194005   10.263863 ^ clkbuf_0_clk/X (sky130_fd_sc_hd__clkbuf_16)
                                                         clknet_0_clk (net)
                      0.102881    0.003347   10.267210 ^ clkbuf_3_6__f_clk/A (sky130_fd_sc_hd__clkbuf_16)
     9    0.030032    0.051081    0.155335   10.422544 ^ clkbuf_3_6__f_clk/X (sky130_fd_sc_hd__clkbuf_16)
                                                         clknet_3_6__leaf_clk (net)
                      0.051100    0.001264   10.423809 ^ _454_/CLK (sky130_fd_sc_hd__dfrtp_2)
                                 -0.250000   10.173809   clock uncertainty
                                  0.000000   10.173809   clock reconvergence pessimism
                                 -0.115720   10.058089   library setup time
                                             10.058089   data required time
---------------------------------------------------------------------------------------------
                                             10.058089   data required time
                                             -3.386849   data arrival time
---------------------------------------------------------------------------------------------
                                              6.671240   slack (MET)




===========================================================================
report_checks --slack_max -0.01
============================================================================
======================= max_tt_025C_1v80 Corner ===================================

No paths found.


===========================================================================
 report_check_types -max_slew -max_cap -max_fanout -violators
============================================================================
======================= max_tt_025C_1v80 Corner ===================================

max slew

Pin                                        Limit        Slew       Slack
------------------------------------------------------------------------
_362_/A                                 0.750000    1.716789   -0.966789 (VIOLATED)
_361_/A                                 0.750000    1.716769   -0.966769 (VIOLATED)
_364_/A                                 0.750000    1.716715   -0.966715 (VIOLATED)
_363_/A                                 0.750000    1.716624   -0.966624 (VIOLATED)
_366_/A                                 0.750000    1.716530   -0.966530 (VIOLATED)
_394_/A                                 0.750000    1.716503   -0.966503 (VIOLATED)
_404_/A                                 0.750000    1.716444   -0.966444 (VIOLATED)
_365_/A                                 0.750000    1.716401   -0.966401 (VIOLATED)
_368_/A                                 0.750000    1.716353   -0.966353 (VIOLATED)
_367_/A                                 0.750000    1.716294   -0.966294 (VIOLATED)
_392_/A                                 0.750000    1.716056   -0.966056 (VIOLATED)
_370_/A                                 0.750000    1.715768   -0.965768 (VIOLATED)
_369_/A                                 0.750000    1.715644   -0.965644 (VIOLATED)
_372_/A                                 0.750000    1.715291   -0.965291 (VIOLATED)
_374_/A                                 0.750000    1.714639   -0.964639 (VIOLATED)
_389_/A                                 0.750000    1.714386   -0.964386 (VIOLATED)
_390_/A                                 0.750000    1.714379   -0.964379 (VIOLATED)
_371_/A                                 0.750000    1.714308   -0.964308 (VIOLATED)
_388_/A                                 0.750000    1.714269   -0.964269 (VIOLATED)
_376_/A                                 0.750000    1.713912   -0.963912 (VIOLATED)
_373_/A                                 0.750000    1.713110   -0.963110 (VIOLATED)
_375_/A                                 0.750000    1.712941   -0.962941 (VIOLATED)
_191_/A                                 0.750000    1.712571   -0.962571 (VIOLATED)
_377_/A                                 0.750000    1.712563   -0.962563 (VIOLATED)
_378_/A                                 0.750000    1.712353   -0.962353 (VIOLATED)
_385_/A                                 0.750000    1.712237   -0.962237 (VIOLATED)
_359_/A                                 0.750000    1.711784   -0.961784 (VIOLATED)
_360_/A                                 0.750000    1.711780   -0.961780 (VIOLATED)
_405_/A                                 0.750000    1.711745   -0.961745 (VIOLATED)
_408_/A                                 0.750000    1.711739   -0.961739 (VIOLATED)
_380_/A                                 0.750000    1.711713   -0.961713 (VIOLATED)
_357_/A                                 0.750000    1.711699   -0.961699 (VIOLATED)
_412_/A                                 0.750000    1.711692   -0.961692 (VIOLATED)
_411_/A                                 0.750000    1.711674   -0.961674 (VIOLATED)
_356_/A                                 0.750000    1.711599   -0.961599 (VIOLATED)
_409_/A                                 0.750000    1.711595   -0.961595 (VIOLATED)
_400_/A                                 0.750000    1.711592   -0.961592 (VIOLATED)
_358_/A                                 0.750000    1.711490   -0.961490 (VIOLATED)
_406_/A                                 0.750000    1.711434   -0.961434 (VIOLATED)
_403_/A                                 0.750000    1.711424   -0.961424 (VIOLATED)
_407_/A                                 0.750000    1.711387   -0.961387 (VIOLATED)
_391_/A                                 0.750000    1.711382   -0.961382 (VIOLATED)
_401_/A                                 0.750000    1.711357   -0.961357 (VIOLATED)
_402_/A                                 0.750000    1.711331   -0.961331 (VIOLATED)
_410_/A                                 0.750000    1.711331   -0.961331 (VIOLATED)
_384_/A                                 0.750000    1.711306   -0.961306 (VIOLATED)
_399_/A                                 0.750000    1.711293   -0.961293 (VIOLATED)
_396_/A                                 0.750000    1.711194   -0.961194 (VIOLATED)
_387_/A                                 0.750000    1.710912   -0.960912 (VIOLATED)
_386_/A                                 0.750000    1.710906   -0.960906 (VIOLATED)
_393_/A                                 0.750000    1.710866   -0.960866 (VIOLATED)
_383_/A                                 0.750000    1.710748   -0.960748 (VIOLATED)
_395_/A                                 0.750000    1.710646   -0.960646 (VIOLATED)
_354_/A                                 0.750000    1.709398   -0.959398 (VIOLATED)
_352_/A                                 0.750000    1.708884   -0.958884 (VIOLATED)
_351_/A                                 0.750000    1.708870   -0.958870 (VIOLATED)
_355_/A                                 0.750000    1.708834   -0.958834 (VIOLATED)
_397_/A                                 0.750000    1.708799   -0.958799 (VIOLATED)
_398_/A                                 0.750000    1.708779   -0.958779 (VIOLATED)
_353_/A                                 0.750000    1.708751   -0.958751 (VIOLATED)
_381_/A                                 0.750000    1.708147   -0.958147 (VIOLATED)
_382_/A                                 0.750000    1.707801   -0.957801 (VIOLATED)
_379_/A                                 0.750000    1.707486   -0.957486 (VIOLATED)
_350_/A                                 0.750000    1.707272   -0.957272 (VIOLATED)
rst                                     0.750000    1.707238   -0.957238 (VIOLATED)
_296_/A                                 0.750000    1.450945   -0.700945 (VIOLATED)
_291_/A                                 0.750000    1.450877   -0.700877 (VIOLATED)
_243_/A1                                0.750000    1.450874   -0.700875 (VIOLATED)
_293_/A1                                0.750000    1.450868   -0.700868 (VIOLATED)
_241_/A                                 0.750000    1.450847   -0.700847 (VIOLATED)
_246_/A                                 0.750000    1.450706   -0.700707 (VIOLATED)
_248_/A1                                0.750000    1.450350   -0.700350 (VIOLATED)
_251_/A                                 0.750000    1.450117   -0.700117 (VIOLATED)
_321_/A                                 0.750000    1.450112   -0.700112 (VIOLATED)
_301_/A                                 0.750000    1.450102   -0.700102 (VIOLATED)
_253_/A1                                0.750000    1.450081   -0.700081 (VIOLATED)
_323_/A1                                0.750000    1.450080   -0.700080 (VIOLATED)
_303_/A1                                0.750000    1.450039   -0.700039 (VIOLATED)
_258_/A1                                0.750000    1.450029   -0.700029 (VIOLATED)
_256_/A                                 0.750000    1.450019   -0.700019 (VIOLATED)
_286_/A                                 0.750000    1.449985   -0.699985 (VIOLATED)
_288_/A1                                0.750000    1.449984   -0.699984 (VIOLATED)
_283_/A1                                0.750000    1.449780   -0.699780 (VIOLATED)
_281_/A                                 0.750000    1.449653   -0.699653 (VIOLATED)
_263_/A1                                0.750000    1.449274   -0.699274 (VIOLATED)
_261_/A                                 0.750000    1.449245   -0.699245 (VIOLATED)
_266_/A                                 0.750000    1.449117   -0.699117 (VIOLATED)
_193_/A                                 0.750000    1.448606   -0.698606 (VIOLATED)
_195_/A1                                0.750000    1.448172   -0.698172 (VIOLATED)
_268_/A1                                0.750000    1.447529   -0.697529 (VIOLATED)
_271_/A                                 0.750000    1.447356   -0.697356 (VIOLATED)
_273_/A1                                0.750000    1.446737   -0.696737 (VIOLATED)
_201_/A                                 0.750000    1.446078   -0.696078 (VIOLATED)
_203_/A1                                0.750000    1.445865   -0.695865 (VIOLATED)
_313_/A1                                0.750000    1.445618   -0.695618 (VIOLATED)
_311_/A                                 0.750000    1.445208   -0.695208 (VIOLATED)
_316_/A                                 0.750000    1.444940   -0.694940 (VIOLATED)
_276_/A                                 0.750000    1.444359   -0.694359 (VIOLATED)
_278_/A1                                0.750000    1.444346   -0.694346 (VIOLATED)
_308_/A1                                0.750000    1.444318   -0.694318 (VIOLATED)
_306_/A                                 0.750000    1.444305   -0.694305 (VIOLATED)
_318_/A1                                0.750000    1.443522   -0.693522 (VIOLATED)
_341_/A                                 0.750000    1.442978   -0.692978 (VIOLATED)
_343_/A1                                0.750000    1.442974   -0.692974 (VIOLATED)
_208_/A1                                0.750000    1.441816   -0.691816 (VIOLATED)
_206_/A                                 0.750000    1.441809   -0.691809 (VIOLATED)
_198_/A                                 0.750000    1.441794   -0.691794 (VIOLATED)
_197_/A1                                0.750000    1.441766   -0.691766 (VIOLATED)
_348_/A1                                0.750000    1.441733   -0.691733 (VIOLATED)
_346_/A                                 0.750000    1.441260   -0.691260 (VIOLATED)
_211_/A                                 0.750000    1.441103   -0.691103 (VIOLATED)
_213_/A1                                0.750000    1.441005   -0.691005 (VIOLATED)
_336_/A                                 0.750000    1.440395   -0.690395 (VIOLATED)
_338_/A1                                0.750000    1.439805   -0.689805 (VIOLATED)
_326_/A                                 0.750000    1.439578   -0.689578 (VIOLATED)
_333_/A1                                0.750000    1.439561   -0.689561 (VIOLATED)
_331_/A                                 0.750000    1.439202   -0.689202 (VIOLATED)
_328_/A1                                0.750000    1.438865   -0.688865 (VIOLATED)
_216_/A                                 0.750000    1.438519   -0.688519 (VIOLATED)
_218_/A1                                0.750000    1.438514   -0.688514 (VIOLATED)
_221_/A                                 0.750000    1.438508   -0.688508 (VIOLATED)
_223_/A1                                0.750000    1.438499   -0.688499 (VIOLATED)
_226_/A                                 0.750000    1.438499   -0.688499 (VIOLATED)
_228_/A1                                0.750000    1.438483   -0.688483 (VIOLATED)
_298_/A1                                0.750000    1.438199   -0.688199 (VIOLATED)
_238_/A1                                0.750000    1.437854   -0.687854 (VIOLATED)
y                                       0.750000    1.437846   -0.687846 (VIOLATED)
_231_/A                                 0.750000    1.437846   -0.687846 (VIOLATED)
_233_/A1                                0.750000    1.437846   -0.687846 (VIOLATED)
_236_/A                                 0.750000    1.437846   -0.687846 (VIOLATED)

max fanout

Pin                                   Limit Fanout  Slack
---------------------------------------------------------
rst                                      10     64    -54 (VIOLATED)
y                                        10     64    -54 (VIOLATED)

max capacitance

Pin                                        Limit         Cap       Slack
------------------------------------------------------------------------
rst                                     0.200000    0.381542   -0.181542 (VIOLATED)
y                                       0.200000    0.320879   -0.120879 (VIOLATED)



===========================================================================
report_parasitic_annotation -report_unannotated
============================================================================
Found 6 unannotated drivers.
 clkload0/X
 clkload1/X
 clkload2/X
 clkload3/X
 clkload4/X
 clkload5/X
Found 0 partially unannotated drivers.

===========================================================================
max slew violation count 130
max fanout violation count 2
max cap violation count 2
============================================================================

===========================================================================
check_setup -verbose -unconstrained_endpoints -multiple_clock -no_clock -no_input_delay -loops -generated_clocks
===========================================================================
