
===========================================================================
report_checks -unconstrained
===========================================================================
======================= max_ff_n40C_1v95 Corner ===================================

Startpoint: rst (input port clocked by clk)
Endpoint: _426_ (recovery check against rising-edge clock clk)
Path Group: asynchronous
Path Type: max

Fanout         Cap        Slew       Delay        Time   Description
---------------------------------------------------------------------------------------------
                                  0.000000    0.000000   clock clk (rise edge)
                                  0.000000    0.000000   clock network delay (propagated)
                                  2.000000    2.000000 v input external delay
    64    0.358694    0.550286    0.429504    2.429504 v rst (in)
                                                         rst (net)
                      0.576940    0.000000    2.429504 v _362_/A (sky130_fd_sc_hd__inv_2)
     1    0.004889    0.089757    0.148394    2.577898 ^ _362_/Y (sky130_fd_sc_hd__inv_2)
                                                         _046_ (net)
                      0.089758    0.000255    2.578153 ^ _426_/RESET_B (sky130_fd_sc_hd__dfrtp_2)
                                              2.578153   data arrival time

                                 10.000000   10.000000   clock clk (rise edge)
                                  0.000000   10.000000   clock source latency
     1    0.021164    0.075353    0.052382   10.052382 ^ clk (in)
                                                         clk (net)
                      0.075416    0.000000   10.052382 ^ clkbuf_0_clk/A (sky130_fd_sc_hd__clkbuf_16)
     8    0.086247    0.079046    0.132734   10.185116 ^ clkbuf_0_clk/X (sky130_fd_sc_hd__clkbuf_16)
                                                         clknet_0_clk (net)
                      0.079287    0.003503   10.188619 ^ clkbuf_3_2__f_clk/A (sky130_fd_sc_hd__clkbuf_16)
     9    0.028170    0.037444    0.102116   10.290735 ^ clkbuf_3_2__f_clk/X (sky130_fd_sc_hd__clkbuf_16)
                                                         clknet_3_2__leaf_clk (net)
                      0.038051    0.003663   10.294397 ^ _426_/CLK (sky130_fd_sc_hd__dfrtp_2)
                                 -0.250000   10.044397   clock uncertainty
                                  0.000000   10.044397   clock reconvergence pessimism
                                  0.119717   10.164114   library recovery time
                                             10.164114   data required time
---------------------------------------------------------------------------------------------
                                             10.164114   data required time
                                             -2.578153   data arrival time
---------------------------------------------------------------------------------------------
                                              7.585961   slack (MET)


Startpoint: y (input port clocked by clk)
Endpoint: _454_ (rising edge-triggered flip-flop clocked by clk)
Path Group: clk
Path Type: max

Fanout         Cap        Slew       Delay        Time   Description
---------------------------------------------------------------------------------------------
                                  0.000000    0.000000   clock clk (rise edge)
                                  0.000000    0.000000   clock network delay (propagated)
                                  2.000000    2.000000 ^ input external delay
    64    0.322779    1.091862    0.805856    2.805856 ^ y (in)
                                                         y (net)
                      1.109257    0.000000    2.805856 ^ _291_/A (sky130_fd_sc_hd__nand2_2)
     1    0.009890    0.161049   -0.015122    2.790734 v _291_/Y (sky130_fd_sc_hd__nand2_2)
                                                         _156_ (net)
                      0.161056    0.000817    2.791552 v _294_/A (sky130_fd_sc_hd__xnor2_2)
     1    0.002772    0.035171    0.132186    2.923738 v _294_/Y (sky130_fd_sc_hd__xnor2_2)
                                                         genblk1[19].csa.hsum2 (net)
                      0.035171    0.000183    2.923921 v _454_/D (sky130_fd_sc_hd__dfrtp_2)
                                              2.923921   data arrival time

                                 10.000000   10.000000   clock clk (rise edge)
                                  0.000000   10.000000   clock source latency
     1    0.021164    0.075353    0.052382   10.052382 ^ clk (in)
                                                         clk (net)
                      0.075416    0.000000   10.052382 ^ clkbuf_0_clk/A (sky130_fd_sc_hd__clkbuf_16)
     8    0.086247    0.079046    0.132734   10.185116 ^ clkbuf_0_clk/X (sky130_fd_sc_hd__clkbuf_16)
                                                         clknet_0_clk (net)
                      0.079268    0.003365   10.188481 ^ clkbuf_3_6__f_clk/A (sky130_fd_sc_hd__clkbuf_16)
     9    0.030711    0.038985    0.104642   10.293123 ^ clkbuf_3_6__f_clk/X (sky130_fd_sc_hd__clkbuf_16)
                                                         clknet_3_6__leaf_clk (net)
                      0.039046    0.001291   10.294415 ^ _454_/CLK (sky130_fd_sc_hd__dfrtp_2)
                                 -0.250000   10.044415   clock uncertainty
                                  0.000000   10.044415   clock reconvergence pessimism
                                 -0.074119    9.970295   library setup time
                                              9.970295   data required time
---------------------------------------------------------------------------------------------
                                              9.970295   data required time
                                             -2.923921   data arrival time
---------------------------------------------------------------------------------------------
                                              7.046374   slack (MET)




===========================================================================
report_checks --slack_max -0.01
============================================================================
======================= max_ff_n40C_1v95 Corner ===================================

No paths found.


===========================================================================
 report_check_types -max_slew -max_cap -max_fanout -violators
============================================================================
======================= max_ff_n40C_1v95 Corner ===================================

max slew

Pin                                        Limit        Slew       Slack
------------------------------------------------------------------------
_362_/A                                 0.750000    1.303253   -0.553253 (VIOLATED)
_361_/A                                 0.750000    1.303227   -0.553227 (VIOLATED)
_364_/A                                 0.750000    1.303155   -0.553155 (VIOLATED)
_363_/A                                 0.750000    1.303034   -0.553034 (VIOLATED)
_366_/A                                 0.750000    1.302909   -0.552909 (VIOLATED)
_394_/A                                 0.750000    1.302873   -0.552873 (VIOLATED)
_404_/A                                 0.750000    1.302794   -0.552794 (VIOLATED)
_365_/A                                 0.750000    1.302736   -0.552736 (VIOLATED)
_368_/A                                 0.750000    1.302673   -0.552673 (VIOLATED)
_367_/A                                 0.750000    1.302594   -0.552594 (VIOLATED)
_392_/A                                 0.750000    1.302277   -0.552277 (VIOLATED)
_370_/A                                 0.750000    1.301892   -0.551892 (VIOLATED)
_369_/A                                 0.750000    1.301727   -0.551727 (VIOLATED)
_372_/A                                 0.750000    1.301257   -0.551257 (VIOLATED)
_374_/A                                 0.750000    1.300388   -0.550388 (VIOLATED)
_389_/A                                 0.750000    1.300050   -0.550051 (VIOLATED)
_390_/A                                 0.750000    1.300041   -0.550041 (VIOLATED)
_371_/A                                 0.750000    1.299946   -0.549946 (VIOLATED)
_388_/A                                 0.750000    1.299895   -0.549895 (VIOLATED)
_376_/A                                 0.750000    1.299417   -0.549417 (VIOLATED)
_373_/A                                 0.750000    1.298349   -0.548349 (VIOLATED)
_375_/A                                 0.750000    1.298123   -0.548123 (VIOLATED)
_191_/A                                 0.750000    1.297629   -0.547629 (VIOLATED)
_377_/A                                 0.750000    1.297618   -0.547618 (VIOLATED)
_378_/A                                 0.750000    1.297338   -0.547338 (VIOLATED)
_385_/A                                 0.750000    1.297184   -0.547184 (VIOLATED)
_359_/A                                 0.750000    1.296579   -0.546579 (VIOLATED)
_360_/A                                 0.750000    1.296574   -0.546574 (VIOLATED)
_405_/A                                 0.750000    1.296529   -0.546529 (VIOLATED)
_408_/A                                 0.750000    1.296521   -0.546521 (VIOLATED)
_380_/A                                 0.750000    1.296485   -0.546485 (VIOLATED)
_357_/A                                 0.750000    1.296467   -0.546467 (VIOLATED)
_412_/A                                 0.750000    1.296457   -0.546457 (VIOLATED)
_411_/A                                 0.750000    1.296434   -0.546434 (VIOLATED)
_356_/A                                 0.750000    1.296333   -0.546333 (VIOLATED)
_409_/A                                 0.750000    1.296329   -0.546329 (VIOLATED)
_400_/A                                 0.750000    1.296324   -0.546324 (VIOLATED)
_358_/A                                 0.750000    1.296193   -0.546193 (VIOLATED)
_406_/A                                 0.750000    1.296118   -0.546118 (VIOLATED)
_403_/A                                 0.750000    1.296105   -0.546105 (VIOLATED)
_407_/A                                 0.750000    1.296055   -0.546055 (VIOLATED)
_391_/A                                 0.750000    1.296049   -0.546049 (VIOLATED)
_401_/A                                 0.750000    1.296016   -0.546016 (VIOLATED)
_402_/A                                 0.750000    1.295981   -0.545981 (VIOLATED)
_410_/A                                 0.750000    1.295981   -0.545981 (VIOLATED)
_384_/A                                 0.750000    1.295947   -0.545947 (VIOLATED)
_399_/A                                 0.750000    1.295931   -0.545931 (VIOLATED)
_396_/A                                 0.750000    1.295799   -0.545799 (VIOLATED)
_387_/A                                 0.750000    1.295419   -0.545420 (VIOLATED)
_386_/A                                 0.750000    1.295412   -0.545412 (VIOLATED)
_393_/A                                 0.750000    1.295359   -0.545359 (VIOLATED)
_383_/A                                 0.750000    1.295202   -0.545202 (VIOLATED)
_395_/A                                 0.750000    1.295066   -0.545066 (VIOLATED)
_354_/A                                 0.750000    1.293410   -0.543410 (VIOLATED)
_352_/A                                 0.750000    1.292730   -0.542730 (VIOLATED)
_351_/A                                 0.750000    1.292712   -0.542712 (VIOLATED)
_355_/A                                 0.750000    1.292663   -0.542664 (VIOLATED)
_397_/A                                 0.750000    1.292618   -0.542618 (VIOLATED)
_398_/A                                 0.750000    1.292591   -0.542591 (VIOLATED)
_353_/A                                 0.750000    1.292554   -0.542554 (VIOLATED)
_381_/A                                 0.750000    1.291758   -0.541758 (VIOLATED)
_382_/A                                 0.750000    1.291304   -0.541304 (VIOLATED)
_379_/A                                 0.750000    1.290892   -0.540892 (VIOLATED)
_350_/A                                 0.750000    1.290612   -0.540612 (VIOLATED)
rst                                     0.750000    1.290568   -0.540568 (VIOLATED)
_296_/A                                 0.750000    1.109347   -0.359347 (VIOLATED)
_291_/A                                 0.750000    1.109257   -0.359257 (VIOLATED)
_243_/A1                                0.750000    1.109254   -0.359254 (VIOLATED)
_293_/A1                                0.750000    1.109246   -0.359246 (VIOLATED)
_241_/A                                 0.750000    1.109217   -0.359217 (VIOLATED)
_246_/A                                 0.750000    1.109030   -0.359030 (VIOLATED)
_248_/A1                                0.750000    1.108555   -0.358555 (VIOLATED)
_251_/A                                 0.750000    1.108244   -0.358244 (VIOLATED)
_321_/A                                 0.750000    1.108237   -0.358237 (VIOLATED)
_301_/A                                 0.750000    1.108224   -0.358224 (VIOLATED)
_253_/A1                                0.750000    1.108196   -0.358196 (VIOLATED)
_323_/A1                                0.750000    1.108195   -0.358195 (VIOLATED)
_303_/A1                                0.750000    1.108140   -0.358140 (VIOLATED)
_258_/A1                                0.750000    1.108127   -0.358127 (VIOLATED)
_256_/A                                 0.750000    1.108113   -0.358113 (VIOLATED)
_286_/A                                 0.750000    1.108067   -0.358067 (VIOLATED)
_288_/A1                                0.750000    1.108067   -0.358067 (VIOLATED)
_283_/A1                                0.750000    1.107794   -0.357794 (VIOLATED)
_281_/A                                 0.750000    1.107624   -0.357624 (VIOLATED)
_263_/A1                                0.750000    1.107117   -0.357117 (VIOLATED)
_261_/A                                 0.750000    1.107079   -0.357079 (VIOLATED)
_266_/A                                 0.750000    1.106908   -0.356908 (VIOLATED)
_193_/A                                 0.750000    1.106224   -0.356224 (VIOLATED)
_195_/A1                                0.750000    1.105643   -0.355643 (VIOLATED)
_268_/A1                                0.750000    1.104783   -0.354783 (VIOLATED)
_271_/A                                 0.750000    1.104551   -0.354552 (VIOLATED)
_273_/A1                                0.750000    1.103722   -0.353722 (VIOLATED)
_201_/A                                 0.750000    1.102839   -0.352839 (VIOLATED)
_203_/A1                                0.750000    1.102554   -0.352554 (VIOLATED)
_313_/A1                                0.750000    1.102222   -0.352222 (VIOLATED)
_311_/A                                 0.750000    1.101672   -0.351672 (VIOLATED)
_316_/A                                 0.750000    1.101313   -0.351313 (VIOLATED)
_276_/A                                 0.750000    1.100533   -0.350533 (VIOLATED)
_278_/A1                                0.750000    1.100516   -0.350516 (VIOLATED)
_308_/A1                                0.750000    1.100478   -0.350478 (VIOLATED)
_306_/A                                 0.750000    1.100461   -0.350461 (VIOLATED)
_318_/A1                                0.750000    1.099410   -0.349410 (VIOLATED)
_341_/A                                 0.750000    1.098681   -0.348681 (VIOLATED)
_343_/A1                                0.750000    1.098675   -0.348675 (VIOLATED)
_208_/A1                                0.750000    1.097124   -0.347124 (VIOLATED)
_206_/A                                 0.750000    1.097115   -0.347115 (VIOLATED)
_198_/A                                 0.750000    1.097094   -0.347094 (VIOLATED)
_197_/A1                                0.750000    1.097057   -0.347057 (VIOLATED)
_348_/A1                                0.750000    1.097014   -0.347014 (VIOLATED)
_346_/A                                 0.750000    1.096380   -0.346380 (VIOLATED)
_211_/A                                 0.750000    1.096171   -0.346171 (VIOLATED)
_213_/A1                                0.750000    1.096039   -0.346039 (VIOLATED)
_336_/A                                 0.750000    1.095226   -0.345226 (VIOLATED)
_338_/A1                                0.750000    1.094442   -0.344442 (VIOLATED)
_326_/A                                 0.750000    1.094141   -0.344141 (VIOLATED)
_333_/A1                                0.750000    1.094119   -0.344119 (VIOLATED)
_331_/A                                 0.750000    1.093644   -0.343644 (VIOLATED)
_328_/A1                                0.750000    1.093200   -0.343200 (VIOLATED)
_216_/A                                 0.750000    1.092744   -0.342744 (VIOLATED)
_218_/A1                                0.750000    1.092737   -0.342737 (VIOLATED)
_221_/A                                 0.750000    1.092730   -0.342730 (VIOLATED)
_223_/A1                                0.750000    1.092718   -0.342718 (VIOLATED)
_226_/A                                 0.750000    1.092718   -0.342718 (VIOLATED)
_228_/A1                                0.750000    1.092696   -0.342696 (VIOLATED)
_298_/A1                                0.750000    1.092324   -0.342324 (VIOLATED)
_238_/A1                                0.750000    1.091873   -0.341873 (VIOLATED)
y                                       0.750000    1.091862   -0.341862 (VIOLATED)
_231_/A                                 0.750000    1.091862   -0.341862 (VIOLATED)
_233_/A1                                0.750000    1.091862   -0.341862 (VIOLATED)
_236_/A                                 0.750000    1.091862   -0.341862 (VIOLATED)

max fanout

Pin                                   Limit Fanout  Slack
---------------------------------------------------------
rst                                      10     64    -54 (VIOLATED)
y                                        10     64    -54 (VIOLATED)

max capacitance

Pin                                        Limit         Cap       Slack
------------------------------------------------------------------------
rst                                     0.200000    0.382182   -0.182182 (VIOLATED)
y                                       0.200000    0.322779   -0.122779 (VIOLATED)



===========================================================================
report_parasitic_annotation -report_unannotated
============================================================================
Found 6 unannotated drivers.
 clkload0/X
 clkload1/X
 clkload2/X
 clkload3/X
 clkload4/X
 clkload5/X
Found 0 partially unannotated drivers.

===========================================================================
max slew violation count 130
max fanout violation count 2
max cap violation count 2
============================================================================

===========================================================================
check_setup -verbose -unconstrained_endpoints -multiple_clock -no_clock -no_input_delay -loops -generated_clocks
===========================================================================
