
===========================================================================
report_checks -unconstrained
===========================================================================
======================= nom_ss_100C_1v60 Corner ===================================

Startpoint: rst (input port clocked by clk)
Endpoint: _426_ (recovery check against rising-edge clock clk)
Path Group: asynchronous
Path Type: max

Fanout         Cap        Slew       Delay        Time   Description
---------------------------------------------------------------------------------------------
                                  0.000000    0.000000   clock clk (rise edge)
                                  0.000000    0.000000   clock network delay (propagated)
                                  2.000000    2.000000 v input external delay
    64    0.352418    1.456965    1.087064    3.087064 v rst (in)
                                                         rst (net)
                      1.459578    0.000000    3.087064 v _362_/A (sky130_fd_sc_hd__inv_2)
     1    0.004440    0.247105    0.335671    3.422735 ^ _362_/Y (sky130_fd_sc_hd__inv_2)
                                                         _046_ (net)
                      0.247105    0.000100    3.422835 ^ _426_/RESET_B (sky130_fd_sc_hd__dfrtp_2)
                                              3.422835   data arrival time

                                 10.000000   10.000000   clock clk (rise edge)
                                  0.000000   10.000000   clock source latency
     1    0.020192    0.151337    0.103476   10.103477 ^ clk (in)
                                                         clk (net)
                      0.151353    0.000000   10.103477 ^ clkbuf_0_clk/A (sky130_fd_sc_hd__clkbuf_16)
     8    0.083330    0.152722    0.334204   10.437680 ^ clkbuf_0_clk/X (sky130_fd_sc_hd__clkbuf_16)
                                                         clknet_0_clk (net)
                      0.152735    0.001582   10.439262 ^ clkbuf_3_2__f_clk/A (sky130_fd_sc_hd__clkbuf_16)
     9    0.025889    0.074905    0.267496   10.706758 ^ clkbuf_3_2__f_clk/X (sky130_fd_sc_hd__clkbuf_16)
                                                         clknet_3_2__leaf_clk (net)
                      0.074946    0.001512   10.708270 ^ _426_/CLK (sky130_fd_sc_hd__dfrtp_2)
                                 -0.250000   10.458270   clock uncertainty
                                  0.000000   10.458270   clock reconvergence pessimism
                                  0.370534   10.828804   library recovery time
                                             10.828804   data required time
---------------------------------------------------------------------------------------------
                                             10.828804   data required time
                                             -3.422835   data arrival time
---------------------------------------------------------------------------------------------
                                              7.405969   slack (MET)


Startpoint: y (input port clocked by clk)
Endpoint: _416_ (rising edge-triggered flip-flop clocked by clk)
Path Group: clk
Path Type: max

Fanout         Cap        Slew       Delay        Time   Description
---------------------------------------------------------------------------------------------
                                  0.000000    0.000000   clock clk (rise edge)
                                  0.000000    0.000000   clock network delay (propagated)
                                  2.000000    2.000000 ^ input external delay
    64    0.312857    2.213869    1.569144    3.569144 ^ y (in)
                                                         y (net)
                      2.214629    0.000000    3.569144 ^ _198_/A (sky130_fd_sc_hd__nand3_2)
     1    0.002580    0.341680    0.433243    4.002387 v _198_/Y (sky130_fd_sc_hd__nand3_2)
                                                         _100_ (net)
                      0.341680    0.000081    4.002468 v _199_/B (sky130_fd_sc_hd__and2_2)
     1    0.002719    0.069895    0.525931    4.528399 v _199_/X (sky130_fd_sc_hd__and2_2)
                                                         _031_ (net)
                      0.069895    0.000080    4.528479 v _416_/D (sky130_fd_sc_hd__dfrtp_2)
                                              4.528479   data arrival time

                                 10.000000   10.000000   clock clk (rise edge)
                                  0.000000   10.000000   clock source latency
     1    0.020192    0.151337    0.103476   10.103477 ^ clk (in)
                                                         clk (net)
                      0.151353    0.000000   10.103477 ^ clkbuf_0_clk/A (sky130_fd_sc_hd__clkbuf_16)
     8    0.083330    0.152722    0.334204   10.437680 ^ clkbuf_0_clk/X (sky130_fd_sc_hd__clkbuf_16)
                                                         clknet_0_clk (net)
                      0.152760    0.002353   10.440033 ^ clkbuf_3_0__f_clk/A (sky130_fd_sc_hd__clkbuf_16)
     9    0.028203    0.077960    0.270988   10.711020 ^ clkbuf_3_0__f_clk/X (sky130_fd_sc_hd__clkbuf_16)
                                                         clknet_3_0__leaf_clk (net)
                      0.077976    0.001029   10.712050 ^ _416_/CLK (sky130_fd_sc_hd__dfrtp_2)
                                 -0.250000   10.462050   clock uncertainty
                                  0.000000   10.462050   clock reconvergence pessimism
                                 -0.274439   10.187611   library setup time
                                             10.187611   data required time
---------------------------------------------------------------------------------------------
                                             10.187611   data required time
                                             -4.528479   data arrival time
---------------------------------------------------------------------------------------------
                                              5.659132   slack (MET)




===========================================================================
report_checks --slack_max -0.01
============================================================================
======================= nom_ss_100C_1v60 Corner ===================================

No paths found.


===========================================================================
 report_check_types -max_slew -max_cap -max_fanout -violators
============================================================================
======================= nom_ss_100C_1v60 Corner ===================================

max slew

Pin                                        Limit        Slew       Slack
------------------------------------------------------------------------
_362_/A                                 0.750000    2.641175   -1.891175 (VIOLATED)
_361_/A                                 0.750000    2.641169   -1.891169 (VIOLATED)
_364_/A                                 0.750000    2.641163   -1.891163 (VIOLATED)
_363_/A                                 0.750000    2.641145   -1.891145 (VIOLATED)
_366_/A                                 0.750000    2.641133   -1.891133 (VIOLATED)
_394_/A                                 0.750000    2.641129   -1.891129 (VIOLATED)
_404_/A                                 0.750000    2.641118   -1.891118 (VIOLATED)
_365_/A                                 0.750000    2.641110   -1.891110 (VIOLATED)
_368_/A                                 0.750000    2.641098   -1.891098 (VIOLATED)
_367_/A                                 0.750000    2.641082   -1.891082 (VIOLATED)
_392_/A                                 0.750000    2.641049   -1.891049 (VIOLATED)
_370_/A                                 0.750000    2.641000   -1.891000 (VIOLATED)
_369_/A                                 0.750000    2.640967   -1.890967 (VIOLATED)
_372_/A                                 0.750000    2.640911   -1.890911 (VIOLATED)
_374_/A                                 0.750000    2.640811   -1.890811 (VIOLATED)
_389_/A                                 0.750000    2.640765   -1.890765 (VIOLATED)
_390_/A                                 0.750000    2.640763   -1.890763 (VIOLATED)
_371_/A                                 0.750000    2.640754   -1.890754 (VIOLATED)
_388_/A                                 0.750000    2.640748   -1.890748 (VIOLATED)
_376_/A                                 0.750000    2.640701   -1.890701 (VIOLATED)
_373_/A                                 0.750000    2.640580   -1.890580 (VIOLATED)
_375_/A                                 0.750000    2.640534   -1.890534 (VIOLATED)
_191_/A                                 0.750000    2.640478   -1.890478 (VIOLATED)
_377_/A                                 0.750000    2.640476   -1.890476 (VIOLATED)
_378_/A                                 0.750000    2.640422   -1.890422 (VIOLATED)
_385_/A                                 0.750000    2.640390   -1.890391 (VIOLATED)
_359_/A                                 0.750000    2.640344   -1.890344 (VIOLATED)
_360_/A                                 0.750000    2.640344   -1.890344 (VIOLATED)
_405_/A                                 0.750000    2.640340   -1.890339 (VIOLATED)
_408_/A                                 0.750000    2.640338   -1.890338 (VIOLATED)
_357_/A                                 0.750000    2.640329   -1.890329 (VIOLATED)
_411_/A                                 0.750000    2.640326   -1.890326 (VIOLATED)
_412_/A                                 0.750000    2.640325   -1.890325 (VIOLATED)
_356_/A                                 0.750000    2.640312   -1.890311 (VIOLATED)
_400_/A                                 0.750000    2.640310   -1.890310 (VIOLATED)
_409_/A                                 0.750000    2.640311   -1.890311 (VIOLATED)
_380_/A                                 0.750000    2.640305   -1.890305 (VIOLATED)
_358_/A                                 0.750000    2.640293   -1.890293 (VIOLATED)
_406_/A                                 0.750000    2.640282   -1.890282 (VIOLATED)
_403_/A                                 0.750000    2.640280   -1.890280 (VIOLATED)
_391_/A                                 0.750000    2.640274   -1.890274 (VIOLATED)
_407_/A                                 0.750000    2.640272   -1.890272 (VIOLATED)
_410_/A                                 0.750000    2.640269   -1.890269 (VIOLATED)
_401_/A                                 0.750000    2.640267   -1.890267 (VIOLATED)
_399_/A                                 0.750000    2.640259   -1.890259 (VIOLATED)
_402_/A                                 0.750000    2.640260   -1.890260 (VIOLATED)
_384_/A                                 0.750000    2.640247   -1.890247 (VIOLATED)
_396_/A                                 0.750000    2.640232   -1.890232 (VIOLATED)
_386_/A                                 0.750000    2.640186   -1.890186 (VIOLATED)
_387_/A                                 0.750000    2.640187   -1.890187 (VIOLATED)
_393_/A                                 0.750000    2.640181   -1.890181 (VIOLATED)
_383_/A                                 0.750000    2.640149   -1.890149 (VIOLATED)
_395_/A                                 0.750000    2.640121   -1.890121 (VIOLATED)
_354_/A                                 0.750000    2.639945   -1.889945 (VIOLATED)
_351_/A                                 0.750000    2.639857   -1.889857 (VIOLATED)
_352_/A                                 0.750000    2.639859   -1.889859 (VIOLATED)
_355_/A                                 0.750000    2.639852   -1.889851 (VIOLATED)
_397_/A                                 0.750000    2.639844   -1.889844 (VIOLATED)
_398_/A                                 0.750000    2.639838   -1.889839 (VIOLATED)
_353_/A                                 0.750000    2.639831   -1.889831 (VIOLATED)
_381_/A                                 0.750000    2.639724   -1.889724 (VIOLATED)
_382_/A                                 0.750000    2.639673   -1.889673 (VIOLATED)
_379_/A                                 0.750000    2.639617   -1.889617 (VIOLATED)
_350_/A                                 0.750000    2.639571   -1.889571 (VIOLATED)
rst                                     0.750000    2.639563   -1.889563 (VIOLATED)
_296_/A                                 0.750000    2.216221   -1.466221 (VIOLATED)
_243_/A1                                0.750000    2.216215   -1.466215 (VIOLATED)
_291_/A                                 0.750000    2.216211   -1.466211 (VIOLATED)
_241_/A                                 0.750000    2.216209   -1.466210 (VIOLATED)
_293_/A1                                0.750000    2.216210   -1.466210 (VIOLATED)
_246_/A                                 0.750000    2.216185   -1.466185 (VIOLATED)
_248_/A1                                0.750000    2.216132   -1.466132 (VIOLATED)
_251_/A                                 0.750000    2.216091   -1.466091 (VIOLATED)
_321_/A                                 0.750000    2.216091   -1.466091 (VIOLATED)
_301_/A                                 0.750000    2.216089   -1.466089 (VIOLATED)
_323_/A1                                0.750000    2.216088   -1.466088 (VIOLATED)
_253_/A1                                0.750000    2.216083   -1.466083 (VIOLATED)
_303_/A1                                0.750000    2.216077   -1.466077 (VIOLATED)
_256_/A                                 0.750000    2.216063   -1.466064 (VIOLATED)
_258_/A1                                0.750000    2.216065   -1.466065 (VIOLATED)
_288_/A1                                0.750000    2.216062   -1.466062 (VIOLATED)
_286_/A                                 0.750000    2.216059   -1.466059 (VIOLATED)
_283_/A1                                0.750000    2.216024   -1.466024 (VIOLATED)
_281_/A                                 0.750000    2.216005   -1.466005 (VIOLATED)
_263_/A1                                0.750000    2.215923   -1.465923 (VIOLATED)
_261_/A                                 0.750000    2.215917   -1.465917 (VIOLATED)
_266_/A                                 0.750000    2.215882   -1.465882 (VIOLATED)
_193_/A                                 0.750000    2.215799   -1.465799 (VIOLATED)
_195_/A1                                0.750000    2.215753   -1.465753 (VIOLATED)
_268_/A1                                0.750000    2.215641   -1.465641 (VIOLATED)
_271_/A                                 0.750000    2.215591   -1.465591 (VIOLATED)
_273_/A1                                0.750000    2.215495   -1.465495 (VIOLATED)
_201_/A                                 0.750000    2.215379   -1.465379 (VIOLATED)
_203_/A1                                0.750000    2.215322   -1.465322 (VIOLATED)
_313_/A1                                0.750000    2.215253   -1.465253 (VIOLATED)
_311_/A                                 0.750000    2.215214   -1.465214 (VIOLATED)
_316_/A                                 0.750000    2.215140   -1.465140 (VIOLATED)
_276_/A                                 0.750000    2.215049   -1.465049 (VIOLATED)
_278_/A1                                0.750000    2.215047   -1.465047 (VIOLATED)
_308_/A1                                0.750000    2.215042   -1.465042 (VIOLATED)
_306_/A                                 0.750000    2.215036   -1.465037 (VIOLATED)
_318_/A1                                0.750000    2.214903   -1.464903 (VIOLATED)
_341_/A                                 0.750000    2.214823   -1.464823 (VIOLATED)
_343_/A1                                0.750000    2.214823   -1.464823 (VIOLATED)
_206_/A                                 0.750000    2.214631   -1.464631 (VIOLATED)
_208_/A1                                0.750000    2.214632   -1.464632 (VIOLATED)
_198_/A                                 0.750000    2.214629   -1.464629 (VIOLATED)
_197_/A1                                0.750000    2.214625   -1.464625 (VIOLATED)
_348_/A1                                0.750000    2.214616   -1.464616 (VIOLATED)
_346_/A                                 0.750000    2.214561   -1.464561 (VIOLATED)
_211_/A                                 0.750000    2.214512   -1.464512 (VIOLATED)
_213_/A1                                0.750000    2.214487   -1.464487 (VIOLATED)
_336_/A                                 0.750000    2.214379   -1.464379 (VIOLATED)
_338_/A1                                0.750000    2.214272   -1.464272 (VIOLATED)
_326_/A                                 0.750000    2.214201   -1.464201 (VIOLATED)
_333_/A1                                0.750000    2.214199   -1.464199 (VIOLATED)
_331_/A                                 0.750000    2.214148   -1.464148 (VIOLATED)
_328_/A1                                0.750000    2.214098   -1.464099 (VIOLATED)
_216_/A                                 0.750000    2.214031   -1.464031 (VIOLATED)
_218_/A1                                0.750000    2.214030   -1.464030 (VIOLATED)
_221_/A                                 0.750000    2.214028   -1.464028 (VIOLATED)
_223_/A1                                0.750000    2.214026   -1.464026 (VIOLATED)
_226_/A                                 0.750000    2.214026   -1.464026 (VIOLATED)
_228_/A1                                0.750000    2.214021   -1.464021 (VIOLATED)
_298_/A1                                0.750000    2.213933   -1.463933 (VIOLATED)
y                                       0.750000    2.213869   -1.463869 (VIOLATED)
_231_/A                                 0.750000    2.213869   -1.463869 (VIOLATED)
_233_/A1                                0.750000    2.213869   -1.463869 (VIOLATED)
_236_/A                                 0.750000    2.213869   -1.463869 (VIOLATED)
_238_/A1                                0.750000    2.213869   -1.463869 (VIOLATED)

max fanout

Pin                                   Limit Fanout  Slack
---------------------------------------------------------
rst                                      10     64    -54 (VIOLATED)
y                                        10     64    -54 (VIOLATED)

max capacitance

Pin                                        Limit         Cap       Slack
------------------------------------------------------------------------
rst                                     0.200000    0.372194   -0.172194 (VIOLATED)
y                                       0.200000    0.312857   -0.112857 (VIOLATED)



===========================================================================
report_parasitic_annotation -report_unannotated
============================================================================
Found 6 unannotated drivers.
 clkload0/X
 clkload1/X
 clkload2/X
 clkload3/X
 clkload4/X
 clkload5/X
Found 0 partially unannotated drivers.

===========================================================================
max slew violation count 130
max fanout violation count 2
max cap violation count 2
============================================================================

===========================================================================
check_setup -verbose -unconstrained_endpoints -multiple_clock -no_clock -no_input_delay -loops -generated_clocks
===========================================================================
