
===========================================================================
 report_power
============================================================================
======================= nom_ss_100C_1v60 Corner ===================================

Group                    Internal    Switching      Leakage        Total
                            Power        Power        Power        Power (Watts)
------------------------------------------------------------------------
Sequential           3.119968e-04 8.650562e-05 1.242944e-06 3.997453e-04  43.3%
Combinational        1.869437e-04 1.053227e-04 1.286700e-06 2.935531e-04  31.8%
Clock                1.547130e-04 7.500773e-05 2.192918e-07 2.299400e-04  24.9%
Macro                0.000000e+00 0.000000e+00 0.000000e+00 0.000000e+00   0.0%
Pad                  0.000000e+00 0.000000e+00 0.000000e+00 0.000000e+00   0.0%
------------------------------------------------------------------------
Total                6.536534e-04 2.668361e-04 2.748935e-06 9.232384e-04 100.0%
                            70.8%        28.9%         0.3%

