
===========================================================================
report_checks -unconstrained
===========================================================================
======================= nom_ff_n40C_1v95 Corner ===================================

Startpoint: rst (input port clocked by clk)
Endpoint: _426_ (recovery check against rising-edge clock clk)
Path Group: asynchronous
Path Type: max

Fanout         Cap        Slew       Delay        Time   Description
---------------------------------------------------------------------------------------------
                                  0.000000    0.000000   clock clk (rise edge)
                                  0.000000    0.000000   clock network delay (propagated)
                                  2.000000    2.000000 v input external delay
    64    0.351458    0.533183    0.408280    2.408280 v rst (in)
                                                         rst (net)
                      0.540541    0.000000    2.408280 v _362_/A (sky130_fd_sc_hd__inv_2)
     1    0.004794    0.085823    0.141503    2.549783 ^ _362_/Y (sky130_fd_sc_hd__inv_2)
                                                         _046_ (net)
                      0.085823    0.000109    2.549891 ^ _426_/RESET_B (sky130_fd_sc_hd__dfrtp_2)
                                              2.549891   data arrival time

                                 10.000000   10.000000   clock clk (rise edge)
                                  0.000000   10.000000   clock source latency
     1    0.020261    0.072385    0.050004   10.050005 ^ clk (in)
                                                         clk (net)
                      0.072419    0.000000   10.050005 ^ clkbuf_0_clk/A (sky130_fd_sc_hd__clkbuf_16)
     8    0.083882    0.076898    0.131901   10.181906 ^ clkbuf_0_clk/X (sky130_fd_sc_hd__clkbuf_16)
                                                         clknet_0_clk (net)
                      0.076987    0.001591   10.183496 ^ clkbuf_3_2__f_clk/A (sky130_fd_sc_hd__clkbuf_16)
     9    0.027343    0.036689    0.101776   10.285273 ^ clkbuf_3_2__f_clk/X (sky130_fd_sc_hd__clkbuf_16)
                                                         clknet_3_2__leaf_clk (net)
                      0.036787    0.001596   10.286868 ^ _426_/CLK (sky130_fd_sc_hd__dfrtp_2)
                                 -0.250000   10.036868   clock uncertainty
                                  0.000000   10.036868   clock reconvergence pessimism
                                  0.120531   10.157399   library recovery time
                                             10.157399   data required time
---------------------------------------------------------------------------------------------
                                             10.157399   data required time
                                             -2.549891   data arrival time
---------------------------------------------------------------------------------------------
                                              7.607508   slack (MET)


Startpoint: y (input port clocked by clk)
Endpoint: _454_ (rising edge-triggered flip-flop clocked by clk)
Path Group: clk
Path Type: max

Fanout         Cap        Slew       Delay        Time   Description
---------------------------------------------------------------------------------------------
                                  0.000000    0.000000   clock clk (rise edge)
                                  0.000000    0.000000   clock network delay (propagated)
                                  2.000000    2.000000 ^ input external delay
    64    0.314969    1.061596    0.764269    2.764269 ^ y (in)
                                                         y (net)
                      1.066661    0.000000    2.764269 ^ _291_/A (sky130_fd_sc_hd__nand2_2)
     1    0.009745    0.156277   -0.012063    2.752206 v _291_/Y (sky130_fd_sc_hd__nand2_2)
                                                         _156_ (net)
                      0.156278    0.000354    2.752559 v _294_/A (sky130_fd_sc_hd__xnor2_2)
     1    0.002720    0.034299    0.130488    2.883047 v _294_/Y (sky130_fd_sc_hd__xnor2_2)
                                                         genblk1[19].csa.hsum2 (net)
                      0.034299    0.000077    2.883124 v _454_/D (sky130_fd_sc_hd__dfrtp_2)
                                              2.883124   data arrival time

                                 10.000000   10.000000   clock clk (rise edge)
                                  0.000000   10.000000   clock source latency
     1    0.020261    0.072385    0.050004   10.050005 ^ clk (in)
                                                         clk (net)
                      0.072419    0.000000   10.050005 ^ clkbuf_0_clk/A (sky130_fd_sc_hd__clkbuf_16)
     8    0.083882    0.076898    0.131901   10.181906 ^ clkbuf_0_clk/X (sky130_fd_sc_hd__clkbuf_16)
                                                         clknet_0_clk (net)
                      0.076979    0.001474   10.183380 ^ clkbuf_3_6__f_clk/A (sky130_fd_sc_hd__clkbuf_16)
     9    0.029747    0.038278    0.103720   10.287100 ^ clkbuf_3_6__f_clk/X (sky130_fd_sc_hd__clkbuf_16)
                                                         clknet_3_6__leaf_clk (net)
                      0.038288    0.000591   10.287690 ^ _454_/CLK (sky130_fd_sc_hd__dfrtp_2)
                                 -0.250000   10.037690   clock uncertainty
                                  0.000000   10.037690   clock reconvergence pessimism
                                 -0.073881    9.963809   library setup time
                                              9.963809   data required time
---------------------------------------------------------------------------------------------
                                              9.963809   data required time
                                             -2.883124   data arrival time
---------------------------------------------------------------------------------------------
                                              7.080685   slack (MET)




===========================================================================
report_checks --slack_max -0.01
============================================================================
======================= nom_ff_n40C_1v95 Corner ===================================

No paths found.


===========================================================================
 report_check_types -max_slew -max_cap -max_fanout -violators
============================================================================
======================= nom_ff_n40C_1v95 Corner ===================================

max slew

Pin                                        Limit        Slew       Slack
------------------------------------------------------------------------
_362_/A                                 0.750000    1.265041   -0.515041 (VIOLATED)
_361_/A                                 0.750000    1.265029   -0.515029 (VIOLATED)
_364_/A                                 0.750000    1.265014   -0.515014 (VIOLATED)
_363_/A                                 0.750000    1.264975   -0.514975 (VIOLATED)
_366_/A                                 0.750000    1.264950   -0.514950 (VIOLATED)
_394_/A                                 0.750000    1.264942   -0.514942 (VIOLATED)
_404_/A                                 0.750000    1.264916   -0.514916 (VIOLATED)
_365_/A                                 0.750000    1.264900   -0.514900 (VIOLATED)
_368_/A                                 0.750000    1.264872   -0.514872 (VIOLATED)
_367_/A                                 0.750000    1.264837   -0.514837 (VIOLATED)
_392_/A                                 0.750000    1.264765   -0.514765 (VIOLATED)
_370_/A                                 0.750000    1.264659   -0.514659 (VIOLATED)
_369_/A                                 0.750000    1.264586   -0.514587 (VIOLATED)
_372_/A                                 0.750000    1.264463   -0.514463 (VIOLATED)
_374_/A                                 0.750000    1.264244   -0.514244 (VIOLATED)
_389_/A                                 0.750000    1.264145   -0.514145 (VIOLATED)
_390_/A                                 0.750000    1.264140   -0.514141 (VIOLATED)
_371_/A                                 0.750000    1.264119   -0.514119 (VIOLATED)
_388_/A                                 0.750000    1.264107   -0.514108 (VIOLATED)
_376_/A                                 0.750000    1.264005   -0.514005 (VIOLATED)
_373_/A                                 0.750000    1.263740   -0.513740 (VIOLATED)
_375_/A                                 0.750000    1.263640   -0.513640 (VIOLATED)
_191_/A                                 0.750000    1.263519   -0.513519 (VIOLATED)
_377_/A                                 0.750000    1.263515   -0.513515 (VIOLATED)
_378_/A                                 0.750000    1.263396   -0.513396 (VIOLATED)
_385_/A                                 0.750000    1.263329   -0.513329 (VIOLATED)
_359_/A                                 0.750000    1.263226   -0.513226 (VIOLATED)
_360_/A                                 0.750000    1.263224   -0.513224 (VIOLATED)
_405_/A                                 0.750000    1.263216   -0.513216 (VIOLATED)
_408_/A                                 0.750000    1.263212   -0.513212 (VIOLATED)
_357_/A                                 0.750000    1.263193   -0.513193 (VIOLATED)
_411_/A                                 0.750000    1.263185   -0.513185 (VIOLATED)
_412_/A                                 0.750000    1.263184   -0.513184 (VIOLATED)
_356_/A                                 0.750000    1.263155   -0.513155 (VIOLATED)
_409_/A                                 0.750000    1.263153   -0.513153 (VIOLATED)
_400_/A                                 0.750000    1.263152   -0.513152 (VIOLATED)
_380_/A                                 0.750000    1.263140   -0.513140 (VIOLATED)
_358_/A                                 0.750000    1.263116   -0.513116 (VIOLATED)
_406_/A                                 0.750000    1.263091   -0.513091 (VIOLATED)
_403_/A                                 0.750000    1.263087   -0.513087 (VIOLATED)
_391_/A                                 0.750000    1.263073   -0.513073 (VIOLATED)
_407_/A                                 0.750000    1.263068   -0.513068 (VIOLATED)
_410_/A                                 0.750000    1.263063   -0.513063 (VIOLATED)
_401_/A                                 0.750000    1.263058   -0.513058 (VIOLATED)
_402_/A                                 0.750000    1.263043   -0.513043 (VIOLATED)
_399_/A                                 0.750000    1.263041   -0.513041 (VIOLATED)
_384_/A                                 0.750000    1.263015   -0.513015 (VIOLATED)
_396_/A                                 0.750000    1.262983   -0.512983 (VIOLATED)
_387_/A                                 0.750000    1.262885   -0.512885 (VIOLATED)
_386_/A                                 0.750000    1.262882   -0.512882 (VIOLATED)
_393_/A                                 0.750000    1.262872   -0.512872 (VIOLATED)
_383_/A                                 0.750000    1.262803   -0.512803 (VIOLATED)
_395_/A                                 0.750000    1.262744   -0.512744 (VIOLATED)
_354_/A                                 0.750000    1.262363   -0.512363 (VIOLATED)
_352_/A                                 0.750000    1.262180   -0.512180 (VIOLATED)
_351_/A                                 0.750000    1.262176   -0.512176 (VIOLATED)
_355_/A                                 0.750000    1.262163   -0.512163 (VIOLATED)
_397_/A                                 0.750000    1.262148   -0.512148 (VIOLATED)
_398_/A                                 0.750000    1.262136   -0.512136 (VIOLATED)
_353_/A                                 0.750000    1.262119   -0.512119 (VIOLATED)
_381_/A                                 0.750000    1.261890   -0.511890 (VIOLATED)
_382_/A                                 0.750000    1.261783   -0.511783 (VIOLATED)
_379_/A                                 0.750000    1.261663   -0.511663 (VIOLATED)
_350_/A                                 0.750000    1.261564   -0.511564 (VIOLATED)
rst                                     0.750000    1.261545   -0.511545 (VIOLATED)
_296_/A                                 0.750000    1.066683   -0.316683 (VIOLATED)
_243_/A1                                0.750000    1.066669   -0.316669 (VIOLATED)
_291_/A                                 0.750000    1.066661   -0.316661 (VIOLATED)
_293_/A1                                0.750000    1.066658   -0.316658 (VIOLATED)
_241_/A                                 0.750000    1.066657   -0.316657 (VIOLATED)
_246_/A                                 0.750000    1.066604   -0.316604 (VIOLATED)
_248_/A1                                0.750000    1.066487   -0.316487 (VIOLATED)
_321_/A                                 0.750000    1.066398   -0.316398 (VIOLATED)
_251_/A                                 0.750000    1.066398   -0.316398 (VIOLATED)
_301_/A                                 0.750000    1.066393   -0.316393 (VIOLATED)
_323_/A1                                0.750000    1.066390   -0.316390 (VIOLATED)
_253_/A1                                0.750000    1.066379   -0.316379 (VIOLATED)
_303_/A1                                0.750000    1.066368   -0.316368 (VIOLATED)
_258_/A1                                0.750000    1.066340   -0.316340 (VIOLATED)
_256_/A                                 0.750000    1.066337   -0.316338 (VIOLATED)
_288_/A1                                0.750000    1.066335   -0.316335 (VIOLATED)
_286_/A                                 0.750000    1.066328   -0.316328 (VIOLATED)
_283_/A1                                0.750000    1.066252   -0.316252 (VIOLATED)
_281_/A                                 0.750000    1.066208   -0.316209 (VIOLATED)
_263_/A1                                0.750000    1.066028   -0.316029 (VIOLATED)
_261_/A                                 0.750000    1.066017   -0.316017 (VIOLATED)
_266_/A                                 0.750000    1.065939   -0.315939 (VIOLATED)
_193_/A                                 0.750000    1.065770   -0.315770 (VIOLATED)
_195_/A1                                0.750000    1.065667   -0.315667 (VIOLATED)
_268_/A1                                0.750000    1.065424   -0.315424 (VIOLATED)
_271_/A                                 0.750000    1.065314   -0.315314 (VIOLATED)
_273_/A1                                0.750000    1.065103   -0.315103 (VIOLATED)
_201_/A                                 0.750000    1.064849   -0.314849 (VIOLATED)
_203_/A1                                0.750000    1.064726   -0.314726 (VIOLATED)
_313_/A1                                0.750000    1.064576   -0.314576 (VIOLATED)
_311_/A                                 0.750000    1.064490   -0.314490 (VIOLATED)
_316_/A                                 0.750000    1.064328   -0.314328 (VIOLATED)
_276_/A                                 0.750000    1.064131   -0.314131 (VIOLATED)
_278_/A1                                0.750000    1.064126   -0.314126 (VIOLATED)
_308_/A1                                0.750000    1.064115   -0.314115 (VIOLATED)
_306_/A                                 0.750000    1.064103   -0.314103 (VIOLATED)
_318_/A1                                0.750000    1.063812   -0.313812 (VIOLATED)
_341_/A                                 0.750000    1.063639   -0.313639 (VIOLATED)
_343_/A1                                0.750000    1.063638   -0.313638 (VIOLATED)
_208_/A1                                0.750000    1.063225   -0.313225 (VIOLATED)
_206_/A                                 0.750000    1.063222   -0.313222 (VIOLATED)
_198_/A                                 0.750000    1.063218   -0.313218 (VIOLATED)
_197_/A1                                0.750000    1.063210   -0.313210 (VIOLATED)
_348_/A1                                0.750000    1.063190   -0.313190 (VIOLATED)
_346_/A                                 0.750000    1.063073   -0.313073 (VIOLATED)
_211_/A                                 0.750000    1.062966   -0.312966 (VIOLATED)
_213_/A1                                0.750000    1.062913   -0.312913 (VIOLATED)
_336_/A                                 0.750000    1.062680   -0.312680 (VIOLATED)
_338_/A1                                0.750000    1.062451   -0.312451 (VIOLATED)
_326_/A                                 0.750000    1.062301   -0.312301 (VIOLATED)
_333_/A1                                0.750000    1.062296   -0.312296 (VIOLATED)
_331_/A                                 0.750000    1.062188   -0.312188 (VIOLATED)
_328_/A1                                0.750000    1.062083   -0.312083 (VIOLATED)
_216_/A                                 0.750000    1.061940   -0.311940 (VIOLATED)
_218_/A1                                0.750000    1.061938   -0.311938 (VIOLATED)
_221_/A                                 0.750000    1.061934   -0.311934 (VIOLATED)
_223_/A1                                0.750000    1.061930   -0.311930 (VIOLATED)
_226_/A                                 0.750000    1.061928   -0.311928 (VIOLATED)
_228_/A1                                0.750000    1.061918   -0.311918 (VIOLATED)
_298_/A1                                0.750000    1.061731   -0.311731 (VIOLATED)
_238_/A1                                0.750000    1.061598   -0.311598 (VIOLATED)
y                                       0.750000    1.061596   -0.311596 (VIOLATED)
_231_/A                                 0.750000    1.061596   -0.311596 (VIOLATED)
_233_/A1                                0.750000    1.061596   -0.311596 (VIOLATED)
_236_/A                                 0.750000    1.061596   -0.311596 (VIOLATED)

max fanout

Pin                                   Limit Fanout  Slack
---------------------------------------------------------
rst                                      10     64    -54 (VIOLATED)
y                                        10     64    -54 (VIOLATED)

max capacitance

Pin                                        Limit         Cap       Slack
------------------------------------------------------------------------
rst                                     0.200000    0.374946   -0.174946 (VIOLATED)
y                                       0.200000    0.314969   -0.114969 (VIOLATED)



===========================================================================
report_parasitic_annotation -report_unannotated
============================================================================
Found 6 unannotated drivers.
 clkload0/X
 clkload1/X
 clkload2/X
 clkload3/X
 clkload4/X
 clkload5/X
Found 0 partially unannotated drivers.

===========================================================================
max slew violation count 130
max fanout violation count 2
max cap violation count 2
============================================================================

===========================================================================
check_setup -verbose -unconstrained_endpoints -multiple_clock -no_clock -no_input_delay -loops -generated_clocks
===========================================================================
