
===========================================================================
report_checks -unconstrained
===========================================================================
======================= nom_tt_025C_1v80 Corner ===================================

Startpoint: rst (input port clocked by clk)
Endpoint: _426_ (recovery check against rising-edge clock clk)
Path Group: asynchronous
Path Type: max

Fanout         Cap        Slew       Delay        Time   Description
---------------------------------------------------------------------------------------------
                                  0.000000    0.000000   clock clk (rise edge)
                                  0.000000    0.000000   clock network delay (propagated)
                                  2.000000    2.000000 v input external delay
    64    0.350882    0.770254    0.587623    2.587623 v rst (in)
                                                         rst (net)
                      0.775220    0.000000    2.587623 v _362_/A (sky130_fd_sc_hd__inv_2)
     1    0.004789    0.131530    0.195538    2.783161 ^ _362_/Y (sky130_fd_sc_hd__inv_2)
                                                         _046_ (net)
                      0.131530    0.000109    2.783269 ^ _426_/RESET_B (sky130_fd_sc_hd__dfrtp_2)
                                              2.783269   data arrival time

                                 10.000000   10.000000   clock clk (rise edge)
                                  0.000000   10.000000   clock source latency
     1    0.020192    0.096629    0.066716   10.066716 ^ clk (in)
                                                         clk (net)
                      0.096654    0.000000   10.066716 ^ clkbuf_0_clk/A (sky130_fd_sc_hd__clkbuf_16)
     8    0.083330    0.099849    0.192222   10.258939 ^ clkbuf_0_clk/X (sky130_fd_sc_hd__clkbuf_16)
                                                         clknet_0_clk (net)
                      0.099875    0.001581   10.260520 ^ clkbuf_3_2__f_clk/A (sky130_fd_sc_hd__clkbuf_16)
     9    0.026664    0.047911    0.151399   10.411919 ^ clkbuf_3_2__f_clk/X (sky130_fd_sc_hd__clkbuf_16)
                                                         clknet_3_2__leaf_clk (net)
                      0.047980    0.001557   10.413476 ^ _426_/CLK (sky130_fd_sc_hd__dfrtp_2)
                                 -0.250000   10.163476   clock uncertainty
                                  0.000000   10.163476   clock reconvergence pessimism
                                  0.194291   10.357766   library recovery time
                                             10.357766   data required time
---------------------------------------------------------------------------------------------
                                             10.357766   data required time
                                             -2.783269   data arrival time
---------------------------------------------------------------------------------------------
                                              7.574497   slack (MET)


Startpoint: y (input port clocked by clk)
Endpoint: _454_ (rising edge-triggered flip-flop clocked by clk)
Path Group: clk
Path Type: max

Fanout         Cap        Slew       Delay        Time   Description
---------------------------------------------------------------------------------------------
                                  0.000000    0.000000   clock clk (rise edge)
                                  0.000000    0.000000   clock network delay (propagated)
                                  2.000000    2.000000 ^ input external delay
    64    0.313069    1.399725    0.991280    2.991280 ^ y (in)
                                                         y (net)
                      1.403525    0.000000    2.991280 ^ _291_/A (sky130_fd_sc_hd__nand2_2)
     1    0.009792    0.222857    0.142326    3.133606 v _291_/Y (sky130_fd_sc_hd__nand2_2)
                                                         _156_ (net)
                      0.222858    0.000355    3.133962 v _294_/A (sky130_fd_sc_hd__xnor2_2)
     1    0.002610    0.047885    0.197810    3.331772 v _294_/Y (sky130_fd_sc_hd__xnor2_2)
                                                         genblk1[19].csa.hsum2 (net)
                      0.047885    0.000073    3.331845 v _454_/D (sky130_fd_sc_hd__dfrtp_2)
                                              3.331845   data arrival time

                                 10.000000   10.000000   clock clk (rise edge)
                                  0.000000   10.000000   clock source latency
     1    0.020192    0.096629    0.066716   10.066716 ^ clk (in)
                                                         clk (net)
                      0.096654    0.000000   10.066716 ^ clkbuf_0_clk/A (sky130_fd_sc_hd__clkbuf_16)
     8    0.083330    0.099849    0.192222   10.258939 ^ clkbuf_0_clk/X (sky130_fd_sc_hd__clkbuf_16)
                                                         clknet_0_clk (net)
                      0.099870    0.001465   10.260404 ^ clkbuf_3_6__f_clk/A (sky130_fd_sc_hd__clkbuf_16)
     9    0.029068    0.050269    0.153785   10.414188 ^ clkbuf_3_6__f_clk/X (sky130_fd_sc_hd__clkbuf_16)
                                                         clknet_3_6__leaf_clk (net)
                      0.050271    0.000576   10.414764 ^ _454_/CLK (sky130_fd_sc_hd__dfrtp_2)
                                 -0.250000   10.164764   clock uncertainty
                                  0.000000   10.164764   clock reconvergence pessimism
                                 -0.115540   10.049224   library setup time
                                             10.049224   data required time
---------------------------------------------------------------------------------------------
                                             10.049224   data required time
                                             -3.331845   data arrival time
---------------------------------------------------------------------------------------------
                                              6.717379   slack (MET)




===========================================================================
report_checks --slack_max -0.01
============================================================================
======================= nom_tt_025C_1v80 Corner ===================================

No paths found.


===========================================================================
 report_check_types -max_slew -max_cap -max_fanout -violators
============================================================================
======================= nom_tt_025C_1v80 Corner ===================================

max slew

Pin                                        Limit        Slew       Slack
------------------------------------------------------------------------
_362_/A                                 0.750000    1.664460   -0.914460 (VIOLATED)
_361_/A                                 0.750000    1.664451   -0.914451 (VIOLATED)
_364_/A                                 0.750000    1.664440   -0.914440 (VIOLATED)
_363_/A                                 0.750000    1.664411   -0.914411 (VIOLATED)
_366_/A                                 0.750000    1.664392   -0.914392 (VIOLATED)
_394_/A                                 0.750000    1.664386   -0.914386 (VIOLATED)
_404_/A                                 0.750000    1.664366   -0.914366 (VIOLATED)
_365_/A                                 0.750000    1.664354   -0.914354 (VIOLATED)
_368_/A                                 0.750000    1.664333   -0.914333 (VIOLATED)
_367_/A                                 0.750000    1.664307   -0.914307 (VIOLATED)
_392_/A                                 0.750000    1.664253   -0.914253 (VIOLATED)
_370_/A                                 0.750000    1.664173   -0.914173 (VIOLATED)
_369_/A                                 0.750000    1.664118   -0.914118 (VIOLATED)
_372_/A                                 0.750000    1.664025   -0.914025 (VIOLATED)
_374_/A                                 0.750000    1.663860   -0.913860 (VIOLATED)
_389_/A                                 0.750000    1.663785   -0.913785 (VIOLATED)
_390_/A                                 0.750000    1.663782   -0.913782 (VIOLATED)
_371_/A                                 0.750000    1.663766   -0.913766 (VIOLATED)
_388_/A                                 0.750000    1.663757   -0.913757 (VIOLATED)
_376_/A                                 0.750000    1.663680   -0.913680 (VIOLATED)
_373_/A                                 0.750000    1.663480   -0.913480 (VIOLATED)
_375_/A                                 0.750000    1.663405   -0.913405 (VIOLATED)
_191_/A                                 0.750000    1.663313   -0.913313 (VIOLATED)
_377_/A                                 0.750000    1.663310   -0.913310 (VIOLATED)
_378_/A                                 0.750000    1.663218   -0.913218 (VIOLATED)
_385_/A                                 0.750000    1.663167   -0.913167 (VIOLATED)
_359_/A                                 0.750000    1.663091   -0.913091 (VIOLATED)
_360_/A                                 0.750000    1.663090   -0.913090 (VIOLATED)
_405_/A                                 0.750000    1.663083   -0.913083 (VIOLATED)
_408_/A                                 0.750000    1.663081   -0.913081 (VIOLATED)
_357_/A                                 0.750000    1.663066   -0.913066 (VIOLATED)
_411_/A                                 0.750000    1.663060   -0.913060 (VIOLATED)
_412_/A                                 0.750000    1.663059   -0.913059 (VIOLATED)
_356_/A                                 0.750000    1.663037   -0.913037 (VIOLATED)
_409_/A                                 0.750000    1.663036   -0.913036 (VIOLATED)
_400_/A                                 0.750000    1.663035   -0.913035 (VIOLATED)
_380_/A                                 0.750000    1.663026   -0.913026 (VIOLATED)
_358_/A                                 0.750000    1.663007   -0.913008 (VIOLATED)
_406_/A                                 0.750000    1.662989   -0.912989 (VIOLATED)
_403_/A                                 0.750000    1.662986   -0.912986 (VIOLATED)
_391_/A                                 0.750000    1.662975   -0.912975 (VIOLATED)
_407_/A                                 0.750000    1.662972   -0.912972 (VIOLATED)
_410_/A                                 0.750000    1.662968   -0.912968 (VIOLATED)
_401_/A                                 0.750000    1.662964   -0.912964 (VIOLATED)
_402_/A                                 0.750000    1.662952   -0.912952 (VIOLATED)
_399_/A                                 0.750000    1.662951   -0.912951 (VIOLATED)
_384_/A                                 0.750000    1.662932   -0.912932 (VIOLATED)
_396_/A                                 0.750000    1.662907   -0.912908 (VIOLATED)
_387_/A                                 0.750000    1.662833   -0.912833 (VIOLATED)
_386_/A                                 0.750000    1.662831   -0.912831 (VIOLATED)
_393_/A                                 0.750000    1.662823   -0.912823 (VIOLATED)
_383_/A                                 0.750000    1.662771   -0.912771 (VIOLATED)
_395_/A                                 0.750000    1.662726   -0.912726 (VIOLATED)
_354_/A                                 0.750000    1.662437   -0.912437 (VIOLATED)
_352_/A                                 0.750000    1.662298   -0.912298 (VIOLATED)
_351_/A                                 0.750000    1.662295   -0.912295 (VIOLATED)
_355_/A                                 0.750000    1.662286   -0.912286 (VIOLATED)
_397_/A                                 0.750000    1.662274   -0.912274 (VIOLATED)
_398_/A                                 0.750000    1.662265   -0.912265 (VIOLATED)
_353_/A                                 0.750000    1.662252   -0.912252 (VIOLATED)
_381_/A                                 0.750000    1.662078   -0.912078 (VIOLATED)
_382_/A                                 0.750000    1.661996   -0.911996 (VIOLATED)
_379_/A                                 0.750000    1.661905   -0.911905 (VIOLATED)
_350_/A                                 0.750000    1.661829   -0.911829 (VIOLATED)
rst                                     0.750000    1.661815   -0.911815 (VIOLATED)
_296_/A                                 0.750000    1.403541   -0.653541 (VIOLATED)
_243_/A1                                0.750000    1.403530   -0.653530 (VIOLATED)
_291_/A                                 0.750000    1.403525   -0.653525 (VIOLATED)
_241_/A                                 0.750000    1.403522   -0.653522 (VIOLATED)
_293_/A1                                0.750000    1.403522   -0.653522 (VIOLATED)
_246_/A                                 0.750000    1.403482   -0.653482 (VIOLATED)
_248_/A1                                0.750000    1.403395   -0.653395 (VIOLATED)
_251_/A                                 0.750000    1.403328   -0.653328 (VIOLATED)
_321_/A                                 0.750000    1.403328   -0.653328 (VIOLATED)
_301_/A                                 0.750000    1.403324   -0.653324 (VIOLATED)
_323_/A1                                0.750000    1.403322   -0.653322 (VIOLATED)
_253_/A1                                0.750000    1.403314   -0.653314 (VIOLATED)
_303_/A1                                0.750000    1.403306   -0.653306 (VIOLATED)
_258_/A1                                0.750000    1.403285   -0.653285 (VIOLATED)
_256_/A                                 0.750000    1.403283   -0.653283 (VIOLATED)
_288_/A1                                0.750000    1.403281   -0.653281 (VIOLATED)
_286_/A                                 0.750000    1.403276   -0.653276 (VIOLATED)
_283_/A1                                0.750000    1.403219   -0.653219 (VIOLATED)
_281_/A                                 0.750000    1.403187   -0.653187 (VIOLATED)
_263_/A1                                0.750000    1.403052   -0.653052 (VIOLATED)
_261_/A                                 0.750000    1.403044   -0.653044 (VIOLATED)
_266_/A                                 0.750000    1.402986   -0.652986 (VIOLATED)
_193_/A                                 0.750000    1.402859   -0.652859 (VIOLATED)
_195_/A1                                0.750000    1.402783   -0.652783 (VIOLATED)
_268_/A1                                0.750000    1.402601   -0.652601 (VIOLATED)
_271_/A                                 0.750000    1.402519   -0.652519 (VIOLATED)
_273_/A1                                0.750000    1.402361   -0.652361 (VIOLATED)
_201_/A                                 0.750000    1.402172   -0.652172 (VIOLATED)
_203_/A1                                0.750000    1.402079   -0.652079 (VIOLATED)
_313_/A1                                0.750000    1.401967   -0.651967 (VIOLATED)
_311_/A                                 0.750000    1.401903   -0.651903 (VIOLATED)
_316_/A                                 0.750000    1.401782   -0.651782 (VIOLATED)
_276_/A                                 0.750000    1.401631   -0.651631 (VIOLATED)
_278_/A1                                0.750000    1.401628   -0.651628 (VIOLATED)
_308_/A1                                0.750000    1.401620   -0.651620 (VIOLATED)
_306_/A                                 0.750000    1.401611   -0.651611 (VIOLATED)
_318_/A1                                0.750000    1.401393   -0.651393 (VIOLATED)
_341_/A                                 0.750000    1.401265   -0.651265 (VIOLATED)
_343_/A1                                0.750000    1.401264   -0.651264 (VIOLATED)
_208_/A1                                0.750000    1.400954   -0.650954 (VIOLATED)
_206_/A                                 0.750000    1.400952   -0.650953 (VIOLATED)
_198_/A                                 0.750000    1.400949   -0.650949 (VIOLATED)
_197_/A1                                0.750000    1.400943   -0.650943 (VIOLATED)
_348_/A1                                0.750000    1.400928   -0.650928 (VIOLATED)
_346_/A                                 0.750000    1.400840   -0.650840 (VIOLATED)
_211_/A                                 0.750000    1.400760   -0.650760 (VIOLATED)
_213_/A1                                0.750000    1.400720   -0.650720 (VIOLATED)
_336_/A                                 0.750000    1.400545   -0.650545 (VIOLATED)
_338_/A1                                0.750000    1.400372   -0.650372 (VIOLATED)
_326_/A                                 0.750000    1.400258   -0.650258 (VIOLATED)
_333_/A1                                0.750000    1.400255   -0.650255 (VIOLATED)
_331_/A                                 0.750000    1.400173   -0.650173 (VIOLATED)
_328_/A1                                0.750000    1.400094   -0.650094 (VIOLATED)
_216_/A                                 0.750000    1.399986   -0.649986 (VIOLATED)
_218_/A1                                0.750000    1.399984   -0.649984 (VIOLATED)
_221_/A                                 0.750000    1.399981   -0.649981 (VIOLATED)
_223_/A1                                0.750000    1.399978   -0.649978 (VIOLATED)
_226_/A                                 0.750000    1.399977   -0.649977 (VIOLATED)
_228_/A1                                0.750000    1.399969   -0.649969 (VIOLATED)
_298_/A1                                0.750000    1.399827   -0.649827 (VIOLATED)
_238_/A1                                0.750000    1.399727   -0.649727 (VIOLATED)
y                                       0.750000    1.399725   -0.649725 (VIOLATED)
_231_/A                                 0.750000    1.399725   -0.649725 (VIOLATED)
_233_/A1                                0.750000    1.399725   -0.649725 (VIOLATED)
_236_/A                                 0.750000    1.399725   -0.649725 (VIOLATED)

max fanout

Pin                                   Limit Fanout  Slack
---------------------------------------------------------
rst                                      10     64    -54 (VIOLATED)
y                                        10     64    -54 (VIOLATED)

max capacitance

Pin                                        Limit         Cap       Slack
------------------------------------------------------------------------
rst                                     0.200000    0.374306   -0.174306 (VIOLATED)
y                                       0.200000    0.313069   -0.113069 (VIOLATED)



===========================================================================
report_parasitic_annotation -report_unannotated
============================================================================
Found 6 unannotated drivers.
 clkload0/X
 clkload1/X
 clkload2/X
 clkload3/X
 clkload4/X
 clkload5/X
Found 0 partially unannotated drivers.

===========================================================================
max slew violation count 130
max fanout violation count 2
max cap violation count 2
============================================================================

===========================================================================
check_setup -verbose -unconstrained_endpoints -multiple_clock -no_clock -no_input_delay -loops -generated_clocks
===========================================================================
