
===========================================================================
report_checks -unconstrained
===========================================================================
======================= min_ff_n40C_1v95 Corner ===================================

Startpoint: rst (input port clocked by clk)
Endpoint: _426_ (recovery check against rising-edge clock clk)
Path Group: asynchronous
Path Type: max

Fanout         Cap        Slew       Delay        Time   Description
---------------------------------------------------------------------------------------------
                                  0.000000    0.000000   clock clk (rise edge)
                                  0.000000    0.000000   clock network delay (propagated)
                                  2.000000    2.000000 v input external delay
    64    0.344599    0.520407    0.395504    2.395504 v rst (in)
                                                         rst (net)
                      0.523886    0.000000    2.395504 v _362_/A (sky130_fd_sc_hd__inv_2)
     1    0.004655    0.083272    0.137523    2.533028 ^ _362_/Y (sky130_fd_sc_hd__inv_2)
                                                         _046_ (net)
                      0.083272    0.000048    2.533076 ^ _426_/RESET_B (sky130_fd_sc_hd__dfrtp_2)
                                              2.533076   data arrival time

                                 10.000000   10.000000   clock clk (rise edge)
                                  0.000000   10.000000   clock source latency
     1    0.019111    0.068794    0.047105   10.047105 ^ clk (in)
                                                         clk (net)
                      0.068813    0.000000   10.047105 ^ clkbuf_0_clk/A (sky130_fd_sc_hd__clkbuf_16)
     8    0.082015    0.075523    0.130536   10.177640 ^ clkbuf_0_clk/X (sky130_fd_sc_hd__clkbuf_16)
                                                         clknet_0_clk (net)
                      0.075527    0.000660   10.178300 ^ clkbuf_3_2__f_clk/A (sky130_fd_sc_hd__clkbuf_16)
     9    0.026390    0.035899    0.101025   10.279325 ^ clkbuf_3_2__f_clk/X (sky130_fd_sc_hd__clkbuf_16)
                                                         clknet_3_2__leaf_clk (net)
                      0.035928    0.000876   10.280201 ^ _426_/CLK (sky130_fd_sc_hd__dfrtp_2)
                                 -0.250000   10.030201   clock uncertainty
                                  0.000000   10.030201   clock reconvergence pessimism
                                  0.121052   10.151253   library recovery time
                                             10.151253   data required time
---------------------------------------------------------------------------------------------
                                             10.151253   data required time
                                             -2.533076   data arrival time
---------------------------------------------------------------------------------------------
                                              7.618176   slack (MET)


Startpoint: y (input port clocked by clk)
Endpoint: _454_ (rising edge-triggered flip-flop clocked by clk)
Path Group: clk
Path Type: max

Fanout         Cap        Slew       Delay        Time   Description
---------------------------------------------------------------------------------------------
                                  0.000000    0.000000   clock clk (rise edge)
                                  0.000000    0.000000   clock network delay (propagated)
                                  2.000000    2.000000 ^ input external delay
    64    0.306263    1.030592    0.735182    2.735182 ^ y (in)
                                                         y (net)
                      1.033073    0.000000    2.735182 ^ _291_/A (sky130_fd_sc_hd__nand2_2)
     1    0.009628    0.152533   -0.009705    2.725478 v _291_/Y (sky130_fd_sc_hd__nand2_2)
                                                         _156_ (net)
                      0.152533    0.000148    2.725626 v _294_/A (sky130_fd_sc_hd__xnor2_2)
     1    0.002647    0.033708    0.129057    2.854683 v _294_/Y (sky130_fd_sc_hd__xnor2_2)
                                                         genblk1[19].csa.hsum2 (net)
                      0.033708    0.000025    2.854708 v _454_/D (sky130_fd_sc_hd__dfrtp_2)
                                              2.854708   data arrival time

                                 10.000000   10.000000   clock clk (rise edge)
                                  0.000000   10.000000   clock source latency
     1    0.019111    0.068794    0.047105   10.047105 ^ clk (in)
                                                         clk (net)
                      0.068813    0.000000   10.047105 ^ clkbuf_0_clk/A (sky130_fd_sc_hd__clkbuf_16)
     8    0.082015    0.075523    0.130536   10.177640 ^ clkbuf_0_clk/X (sky130_fd_sc_hd__clkbuf_16)
                                                         clknet_0_clk (net)
                      0.075526    0.000576   10.178216 ^ clkbuf_3_6__f_clk/A (sky130_fd_sc_hd__clkbuf_16)
     9    0.028740    0.037529    0.102811   10.281027 ^ clkbuf_3_6__f_clk/X (sky130_fd_sc_hd__clkbuf_16)
                                                         clknet_3_6__leaf_clk (net)
                      0.037530    0.000253   10.281281 ^ _454_/CLK (sky130_fd_sc_hd__dfrtp_2)
                                 -0.250000   10.031281   clock uncertainty
                                  0.000000   10.031281   clock reconvergence pessimism
                                 -0.073743    9.957538   library setup time
                                              9.957538   data required time
---------------------------------------------------------------------------------------------
                                              9.957538   data required time
                                             -2.854708   data arrival time
---------------------------------------------------------------------------------------------
                                              7.102829   slack (MET)




===========================================================================
report_checks --slack_max -0.01
============================================================================
======================= min_ff_n40C_1v95 Corner ===================================

No paths found.


===========================================================================
 report_check_types -max_slew -max_cap -max_fanout -violators
============================================================================
======================= min_ff_n40C_1v95 Corner ===================================

max slew

Pin                                        Limit        Slew       Slack
------------------------------------------------------------------------
_362_/A                                 0.750000    1.231836   -0.481836 (VIOLATED)
_361_/A                                 0.750000    1.231830   -0.481830 (VIOLATED)
_364_/A                                 0.750000    1.231824   -0.481824 (VIOLATED)
_363_/A                                 0.750000    1.231804   -0.481804 (VIOLATED)
_366_/A                                 0.750000    1.231794   -0.481794 (VIOLATED)
_394_/A                                 0.750000    1.231789   -0.481789 (VIOLATED)
_404_/A                                 0.750000    1.231777   -0.481777 (VIOLATED)
_365_/A                                 0.750000    1.231769   -0.481770 (VIOLATED)
_368_/A                                 0.750000    1.231753   -0.481753 (VIOLATED)
_367_/A                                 0.750000    1.231734   -0.481734 (VIOLATED)
_392_/A                                 0.750000    1.231702   -0.481702 (VIOLATED)
_370_/A                                 0.750000    1.231651   -0.481651 (VIOLATED)
_369_/A                                 0.750000    1.231610   -0.481610 (VIOLATED)
_372_/A                                 0.750000    1.231552   -0.481552 (VIOLATED)
_374_/A                                 0.750000    1.231451   -0.481451 (VIOLATED)
_389_/A                                 0.750000    1.231402   -0.481402 (VIOLATED)
_390_/A                                 0.750000    1.231399   -0.481399 (VIOLATED)
_371_/A                                 0.750000    1.231390   -0.481390 (VIOLATED)
_388_/A                                 0.750000    1.231385   -0.481385 (VIOLATED)
_376_/A                                 0.750000    1.231342   -0.481342 (VIOLATED)
_373_/A                                 0.750000    1.231221   -0.481221 (VIOLATED)
_375_/A                                 0.750000    1.231164   -0.481164 (VIOLATED)
_191_/A                                 0.750000    1.231109   -0.481109 (VIOLATED)
_377_/A                                 0.750000    1.231107   -0.481107 (VIOLATED)
_378_/A                                 0.750000    1.231037   -0.481037 (VIOLATED)
_385_/A                                 0.750000    1.230999   -0.480999 (VIOLATED)
_359_/A                                 0.750000    1.230966   -0.480966 (VIOLATED)
_360_/A                                 0.750000    1.230965   -0.480965 (VIOLATED)
_405_/A                                 0.750000    1.230962   -0.480962 (VIOLATED)
_408_/A                                 0.750000    1.230960   -0.480960 (VIOLATED)
_357_/A                                 0.750000    1.230949   -0.480949 (VIOLATED)
_411_/A                                 0.750000    1.230946   -0.480946 (VIOLATED)
_412_/A                                 0.750000    1.230944   -0.480944 (VIOLATED)
_356_/A                                 0.750000    1.230931   -0.480931 (VIOLATED)
_409_/A                                 0.750000    1.230930   -0.480930 (VIOLATED)
_400_/A                                 0.750000    1.230929   -0.480929 (VIOLATED)
_358_/A                                 0.750000    1.230912   -0.480912 (VIOLATED)
_380_/A                                 0.750000    1.230911   -0.480911 (VIOLATED)
_406_/A                                 0.750000    1.230899   -0.480899 (VIOLATED)
_403_/A                                 0.750000    1.230897   -0.480897 (VIOLATED)
_391_/A                                 0.750000    1.230891   -0.480891 (VIOLATED)
_410_/A                                 0.750000    1.230888   -0.480888 (VIOLATED)
_407_/A                                 0.750000    1.230886   -0.480886 (VIOLATED)
_401_/A                                 0.750000    1.230882   -0.480882 (VIOLATED)
_399_/A                                 0.750000    1.230875   -0.480875 (VIOLATED)
_402_/A                                 0.750000    1.230873   -0.480873 (VIOLATED)
_384_/A                                 0.750000    1.230856   -0.480856 (VIOLATED)
_396_/A                                 0.750000    1.230843   -0.480843 (VIOLATED)
_387_/A                                 0.750000    1.230797   -0.480797 (VIOLATED)
_386_/A                                 0.750000    1.230795   -0.480795 (VIOLATED)
_393_/A                                 0.750000    1.230791   -0.480791 (VIOLATED)
_383_/A                                 0.750000    1.230752   -0.480752 (VIOLATED)
_395_/A                                 0.750000    1.230719   -0.480719 (VIOLATED)
_354_/A                                 0.750000    1.230553   -0.480553 (VIOLATED)
_352_/A                                 0.750000    1.230467   -0.480467 (VIOLATED)
_351_/A                                 0.750000    1.230466   -0.480466 (VIOLATED)
_355_/A                                 0.750000    1.230460   -0.480460 (VIOLATED)
_397_/A                                 0.750000    1.230452   -0.480452 (VIOLATED)
_398_/A                                 0.750000    1.230445   -0.480445 (VIOLATED)
_353_/A                                 0.750000    1.230436   -0.480436 (VIOLATED)
_381_/A                                 0.750000    1.230326   -0.480326 (VIOLATED)
_382_/A                                 0.750000    1.230280   -0.480280 (VIOLATED)
_379_/A                                 0.750000    1.230224   -0.480224 (VIOLATED)
_350_/A                                 0.750000    1.230176   -0.480176 (VIOLATED)
rst                                     0.750000    1.230169   -0.480169 (VIOLATED)
_296_/A                                 0.750000    1.033082   -0.283082 (VIOLATED)
_243_/A1                                0.750000    1.033079   -0.283079 (VIOLATED)
_241_/A                                 0.750000    1.033074   -0.283074 (VIOLATED)
_291_/A                                 0.750000    1.033073   -0.283073 (VIOLATED)
_293_/A1                                0.750000    1.033073   -0.283073 (VIOLATED)
_246_/A                                 0.750000    1.033048   -0.283048 (VIOLATED)
_248_/A1                                0.750000    1.032996   -0.282996 (VIOLATED)
_321_/A                                 0.750000    1.032953   -0.282953 (VIOLATED)
_251_/A                                 0.750000    1.032952   -0.282952 (VIOLATED)
_323_/A1                                0.750000    1.032951   -0.282951 (VIOLATED)
_301_/A                                 0.750000    1.032950   -0.282950 (VIOLATED)
_253_/A1                                0.750000    1.032943   -0.282943 (VIOLATED)
_303_/A1                                0.750000    1.032939   -0.282939 (VIOLATED)
_288_/A1                                0.750000    1.032920   -0.282920 (VIOLATED)
_258_/A1                                0.750000    1.032919   -0.282919 (VIOLATED)
_256_/A                                 0.750000    1.032917   -0.282917 (VIOLATED)
_286_/A                                 0.750000    1.032914   -0.282914 (VIOLATED)
_283_/A1                                0.750000    1.032878   -0.282878 (VIOLATED)
_281_/A                                 0.750000    1.032857   -0.282857 (VIOLATED)
_263_/A1                                0.750000    1.032760   -0.282760 (VIOLATED)
_261_/A                                 0.750000    1.032755   -0.282755 (VIOLATED)
_266_/A                                 0.750000    1.032711   -0.282711 (VIOLATED)
_193_/A                                 0.750000    1.032633   -0.282633 (VIOLATED)
_195_/A1                                0.750000    1.032599   -0.282599 (VIOLATED)
_268_/A1                                0.750000    1.032481   -0.282481 (VIOLATED)
_271_/A                                 0.750000    1.032416   -0.282416 (VIOLATED)
_273_/A1                                0.750000    1.032319   -0.282319 (VIOLATED)
_201_/A                                 0.750000    1.032194   -0.282194 (VIOLATED)
_203_/A1                                0.750000    1.032124   -0.282124 (VIOLATED)
_313_/A1                                0.750000    1.032038   -0.282038 (VIOLATED)
_311_/A                                 0.750000    1.032012   -0.282012 (VIOLATED)
_316_/A                                 0.750000    1.031919   -0.281919 (VIOLATED)
_276_/A                                 0.750000    1.031825   -0.281825 (VIOLATED)
_278_/A1                                0.750000    1.031824   -0.281824 (VIOLATED)
_308_/A1                                0.750000    1.031818   -0.281818 (VIOLATED)
_306_/A                                 0.750000    1.031811   -0.281811 (VIOLATED)
_318_/A1                                0.750000    1.031671   -0.281671 (VIOLATED)
_343_/A1                                0.750000    1.031595   -0.281595 (VIOLATED)
_341_/A                                 0.750000    1.031595   -0.281595 (VIOLATED)
_208_/A1                                0.750000    1.031399   -0.281399 (VIOLATED)
_206_/A                                 0.750000    1.031398   -0.281398 (VIOLATED)
_198_/A                                 0.750000    1.031395   -0.281395 (VIOLATED)
_197_/A1                                0.750000    1.031394   -0.281394 (VIOLATED)
_348_/A1                                0.750000    1.031382   -0.281382 (VIOLATED)
_346_/A                                 0.750000    1.031339   -0.281339 (VIOLATED)
_211_/A                                 0.750000    1.031276   -0.281276 (VIOLATED)
_213_/A1                                0.750000    1.031247   -0.281247 (VIOLATED)
_336_/A                                 0.750000    1.031133   -0.281133 (VIOLATED)
_338_/A1                                0.750000    1.031021   -0.281021 (VIOLATED)
_326_/A                                 0.750000    1.030933   -0.280933 (VIOLATED)
_333_/A1                                0.750000    1.030931   -0.280931 (VIOLATED)
_331_/A                                 0.750000    1.030885   -0.280885 (VIOLATED)
_328_/A1                                0.750000    1.030842   -0.280842 (VIOLATED)
_216_/A                                 0.750000    1.030770   -0.280770 (VIOLATED)
_218_/A1                                0.750000    1.030769   -0.280769 (VIOLATED)
_221_/A                                 0.750000    1.030767   -0.280767 (VIOLATED)
_223_/A1                                0.750000    1.030765   -0.280765 (VIOLATED)
_226_/A                                 0.750000    1.030764   -0.280764 (VIOLATED)
_228_/A1                                0.750000    1.030759   -0.280759 (VIOLATED)
_298_/A1                                0.750000    1.030650   -0.280650 (VIOLATED)
y                                       0.750000    1.030592   -0.280592 (VIOLATED)
_231_/A                                 0.750000    1.030592   -0.280592 (VIOLATED)
_233_/A1                                0.750000    1.030592   -0.280592 (VIOLATED)
_236_/A                                 0.750000    1.030592   -0.280592 (VIOLATED)
_238_/A1                                0.750000    1.030592   -0.280592 (VIOLATED)

max fanout

Pin                                   Limit Fanout  Slack
---------------------------------------------------------
rst                                      10     64    -54 (VIOLATED)
y                                        10     64    -54 (VIOLATED)

max capacitance

Pin                                        Limit         Cap       Slack
------------------------------------------------------------------------
rst                                     0.200000    0.368087   -0.168087 (VIOLATED)
y                                       0.200000    0.306263   -0.106263 (VIOLATED)



===========================================================================
report_parasitic_annotation -report_unannotated
============================================================================
Found 6 unannotated drivers.
 clkload0/X
 clkload1/X
 clkload2/X
 clkload3/X
 clkload4/X
 clkload5/X
Found 0 partially unannotated drivers.

===========================================================================
max slew violation count 130
max fanout violation count 2
max cap violation count 2
============================================================================

===========================================================================
check_setup -verbose -unconstrained_endpoints -multiple_clock -no_clock -no_input_delay -loops -generated_clocks
===========================================================================
