
===========================================================================
report_checks -unconstrained
===========================================================================
======================= min_tt_025C_1v80 Corner ===================================

Startpoint: rst (input port clocked by clk)
Endpoint: _426_ (recovery check against rising-edge clock clk)
Path Group: asynchronous
Path Type: max

Fanout         Cap        Slew       Delay        Time   Description
---------------------------------------------------------------------------------------------
                                  0.000000    0.000000   clock clk (rise edge)
                                  0.000000    0.000000   clock network delay (propagated)
                                  2.000000    2.000000 v input external delay
    64    0.344023    0.752172    0.570704    2.570704 v rst (in)
                                                         rst (net)
                      0.754522    0.000000    2.570704 v _362_/A (sky130_fd_sc_hd__inv_2)
     1    0.004650    0.128814    0.191559    2.762263 ^ _362_/Y (sky130_fd_sc_hd__inv_2)
                                                         _046_ (net)
                      0.128814    0.000048    2.762311 ^ _426_/RESET_B (sky130_fd_sc_hd__dfrtp_2)
                                              2.762311   data arrival time

                                 10.000000   10.000000   clock clk (rise edge)
                                  0.000000   10.000000   clock source latency
     1    0.019042    0.091476    0.062930   10.062930 ^ clk (in)
                                                         clk (net)
                      0.091490    0.000000   10.062930 ^ clkbuf_0_clk/A (sky130_fd_sc_hd__clkbuf_16)
     8    0.081463    0.098255    0.189548   10.252479 ^ clkbuf_0_clk/X (sky130_fd_sc_hd__clkbuf_16)
                                                         clknet_0_clk (net)
                      0.098257    0.000655   10.253133 ^ clkbuf_3_2__f_clk/A (sky130_fd_sc_hd__clkbuf_16)
     9    0.025711    0.046979    0.150203   10.403336 ^ clkbuf_3_2__f_clk/X (sky130_fd_sc_hd__clkbuf_16)
                                                         clknet_3_2__leaf_clk (net)
                      0.046998    0.000853   10.404188 ^ _426_/CLK (sky130_fd_sc_hd__dfrtp_2)
                                 -0.250000   10.154188   clock uncertainty
                                  0.000000   10.154188   clock reconvergence pessimism
                                  0.194796   10.348984   library recovery time
                                             10.348984   data required time
---------------------------------------------------------------------------------------------
                                             10.348984   data required time
                                             -2.762311   data arrival time
---------------------------------------------------------------------------------------------
                                              7.586674   slack (MET)


Startpoint: y (input port clocked by clk)
Endpoint: _454_ (rising edge-triggered flip-flop clocked by clk)
Path Group: clk
Path Type: max

Fanout         Cap        Slew       Delay        Time   Description
---------------------------------------------------------------------------------------------
                                  0.000000    0.000000   clock clk (rise edge)
                                  0.000000    0.000000   clock network delay (propagated)
                                  2.000000    2.000000 ^ input external delay
    64    0.304363    1.353066    0.956349    2.956349 ^ y (in)
                                                         y (net)
                      1.354934    0.000000    2.956349 ^ _291_/A (sky130_fd_sc_hd__nand2_2)
     1    0.009675    0.216590    0.140514    3.096863 v _291_/Y (sky130_fd_sc_hd__nand2_2)
                                                         _156_ (net)
                      0.216590    0.000149    3.097012 v _294_/A (sky130_fd_sc_hd__xnor2_2)
     1    0.002537    0.047143    0.194941    3.291952 v _294_/Y (sky130_fd_sc_hd__xnor2_2)
                                                         genblk1[19].csa.hsum2 (net)
                      0.047143    0.000024    3.291976 v _454_/D (sky130_fd_sc_hd__dfrtp_2)
                                              3.291976   data arrival time

                                 10.000000   10.000000   clock clk (rise edge)
                                  0.000000   10.000000   clock source latency
     1    0.019042    0.091476    0.062930   10.062930 ^ clk (in)
                                                         clk (net)
                      0.091490    0.000000   10.062930 ^ clkbuf_0_clk/A (sky130_fd_sc_hd__clkbuf_16)
     8    0.081463    0.098255    0.189548   10.252479 ^ clkbuf_0_clk/X (sky130_fd_sc_hd__clkbuf_16)
                                                         clknet_0_clk (net)
                      0.098256    0.000571   10.253049 ^ clkbuf_3_6__f_clk/A (sky130_fd_sc_hd__clkbuf_16)
     9    0.028061    0.049436    0.152566   10.405616 ^ clkbuf_3_6__f_clk/X (sky130_fd_sc_hd__clkbuf_16)
                                                         clknet_3_6__leaf_clk (net)
                      0.049437    0.000247   10.405862 ^ _454_/CLK (sky130_fd_sc_hd__dfrtp_2)
                                 -0.250000   10.155862   clock uncertainty
                                  0.000000   10.155862   clock reconvergence pessimism
                                 -0.115408   10.040454   library setup time
                                             10.040454   data required time
---------------------------------------------------------------------------------------------
                                             10.040454   data required time
                                             -3.291976   data arrival time
---------------------------------------------------------------------------------------------
                                              6.748478   slack (MET)




===========================================================================
report_checks --slack_max -0.01
============================================================================
======================= min_tt_025C_1v80 Corner ===================================

No paths found.


===========================================================================
 report_check_types -max_slew -max_cap -max_fanout -violators
============================================================================
======================= min_tt_025C_1v80 Corner ===================================

max slew

Pin                                        Limit        Slew       Slack
------------------------------------------------------------------------
_362_/A                                 0.750000    1.633422   -0.883422 (VIOLATED)
_361_/A                                 0.750000    1.633418   -0.883418 (VIOLATED)
_364_/A                                 0.750000    1.633414   -0.883414 (VIOLATED)
_363_/A                                 0.750000    1.633398   -0.883398 (VIOLATED)
_366_/A                                 0.750000    1.633391   -0.883391 (VIOLATED)
_394_/A                                 0.750000    1.633387   -0.883387 (VIOLATED)
_404_/A                                 0.750000    1.633378   -0.883378 (VIOLATED)
_365_/A                                 0.750000    1.633372   -0.883372 (VIOLATED)
_368_/A                                 0.750000    1.633360   -0.883360 (VIOLATED)
_367_/A                                 0.750000    1.633346   -0.883346 (VIOLATED)
_392_/A                                 0.750000    1.633322   -0.883322 (VIOLATED)
_370_/A                                 0.750000    1.633283   -0.883284 (VIOLATED)
_369_/A                                 0.750000    1.633253   -0.883253 (VIOLATED)
_372_/A                                 0.750000    1.633209   -0.883209 (VIOLATED)
_374_/A                                 0.750000    1.633133   -0.883133 (VIOLATED)
_389_/A                                 0.750000    1.633093   -0.883093 (VIOLATED)
_390_/A                                 0.750000    1.633091   -0.883091 (VIOLATED)
_371_/A                                 0.750000    1.633084   -0.883084 (VIOLATED)
_388_/A                                 0.750000    1.633080   -0.883080 (VIOLATED)
_376_/A                                 0.750000    1.633048   -0.883048 (VIOLATED)
_373_/A                                 0.750000    1.632957   -0.882957 (VIOLATED)
_375_/A                                 0.750000    1.632914   -0.882914 (VIOLATED)
_191_/A                                 0.750000    1.632872   -0.882872 (VIOLATED)
_377_/A                                 0.750000    1.632871   -0.882871 (VIOLATED)
_378_/A                                 0.750000    1.632820   -0.882820 (VIOLATED)
_385_/A                                 0.750000    1.632792   -0.882792 (VIOLATED)
_359_/A                                 0.750000    1.632767   -0.882767 (VIOLATED)
_360_/A                                 0.750000    1.632766   -0.882766 (VIOLATED)
_405_/A                                 0.750000    1.632763   -0.882763 (VIOLATED)
_408_/A                                 0.750000    1.632762   -0.882762 (VIOLATED)
_357_/A                                 0.750000    1.632754   -0.882754 (VIOLATED)
_411_/A                                 0.750000    1.632751   -0.882751 (VIOLATED)
_412_/A                                 0.750000    1.632750   -0.882750 (VIOLATED)
_356_/A                                 0.750000    1.632740   -0.882740 (VIOLATED)
_409_/A                                 0.750000    1.632739   -0.882739 (VIOLATED)
_400_/A                                 0.750000    1.632739   -0.882739 (VIOLATED)
_358_/A                                 0.750000    1.632726   -0.882726 (VIOLATED)
_380_/A                                 0.750000    1.632725   -0.882725 (VIOLATED)
_406_/A                                 0.750000    1.632716   -0.882716 (VIOLATED)
_403_/A                                 0.750000    1.632714   -0.882714 (VIOLATED)
_391_/A                                 0.750000    1.632710   -0.882710 (VIOLATED)
_410_/A                                 0.750000    1.632708   -0.882708 (VIOLATED)
_407_/A                                 0.750000    1.632706   -0.882706 (VIOLATED)
_401_/A                                 0.750000    1.632703   -0.882703 (VIOLATED)
_399_/A                                 0.750000    1.632698   -0.882698 (VIOLATED)
_402_/A                                 0.750000    1.632697   -0.882697 (VIOLATED)
_384_/A                                 0.750000    1.632683   -0.882683 (VIOLATED)
_396_/A                                 0.750000    1.632673   -0.882673 (VIOLATED)
_387_/A                                 0.750000    1.632639   -0.882639 (VIOLATED)
_386_/A                                 0.750000    1.632638   -0.882638 (VIOLATED)
_393_/A                                 0.750000    1.632635   -0.882635 (VIOLATED)
_383_/A                                 0.750000    1.632605   -0.882605 (VIOLATED)
_395_/A                                 0.750000    1.632580   -0.882580 (VIOLATED)
_354_/A                                 0.750000    1.632455   -0.882455 (VIOLATED)
_352_/A                                 0.750000    1.632390   -0.882390 (VIOLATED)
_351_/A                                 0.750000    1.632388   -0.882388 (VIOLATED)
_355_/A                                 0.750000    1.632384   -0.882384 (VIOLATED)
_397_/A                                 0.750000    1.632378   -0.882378 (VIOLATED)
_398_/A                                 0.750000    1.632373   -0.882373 (VIOLATED)
_353_/A                                 0.750000    1.632366   -0.882366 (VIOLATED)
_381_/A                                 0.750000    1.632282   -0.882282 (VIOLATED)
_382_/A                                 0.750000    1.632248   -0.882248 (VIOLATED)
_379_/A                                 0.750000    1.632205   -0.882205 (VIOLATED)
_350_/A                                 0.750000    1.632169   -0.882169 (VIOLATED)
rst                                     0.750000    1.632164   -0.882164 (VIOLATED)
_296_/A                                 0.750000    1.354941   -0.604941 (VIOLATED)
_243_/A1                                0.750000    1.354938   -0.604938 (VIOLATED)
_241_/A                                 0.750000    1.354934   -0.604934 (VIOLATED)
_291_/A                                 0.750000    1.354934   -0.604934 (VIOLATED)
_293_/A1                                0.750000    1.354934   -0.604934 (VIOLATED)
_246_/A                                 0.750000    1.354915   -0.604915 (VIOLATED)
_248_/A1                                0.750000    1.354876   -0.604876 (VIOLATED)
_321_/A                                 0.750000    1.354844   -0.604844 (VIOLATED)
_251_/A                                 0.750000    1.354843   -0.604843 (VIOLATED)
_301_/A                                 0.750000    1.354842   -0.604842 (VIOLATED)
_323_/A1                                0.750000    1.354842   -0.604842 (VIOLATED)
_253_/A1                                0.750000    1.354836   -0.604836 (VIOLATED)
_303_/A1                                0.750000    1.354833   -0.604833 (VIOLATED)
_258_/A1                                0.750000    1.354818   -0.604818 (VIOLATED)
_288_/A1                                0.750000    1.354819   -0.604819 (VIOLATED)
_256_/A                                 0.750000    1.354817   -0.604817 (VIOLATED)
_286_/A                                 0.750000    1.354814   -0.604814 (VIOLATED)
_283_/A1                                0.750000    1.354787   -0.604787 (VIOLATED)
_281_/A                                 0.750000    1.354772   -0.604772 (VIOLATED)
_263_/A1                                0.750000    1.354699   -0.604699 (VIOLATED)
_261_/A                                 0.750000    1.354695   -0.604695 (VIOLATED)
_266_/A                                 0.750000    1.354662   -0.604662 (VIOLATED)
_193_/A                                 0.750000    1.354604   -0.604604 (VIOLATED)
_195_/A1                                0.750000    1.354578   -0.604578 (VIOLATED)
_268_/A1                                0.750000    1.354490   -0.604490 (VIOLATED)
_271_/A                                 0.750000    1.354441   -0.604441 (VIOLATED)
_273_/A1                                0.750000    1.354368   -0.604368 (VIOLATED)
_201_/A                                 0.750000    1.354274   -0.604274 (VIOLATED)
_203_/A1                                0.750000    1.354222   -0.604222 (VIOLATED)
_313_/A1                                0.750000    1.354155   -0.604155 (VIOLATED)
_311_/A                                 0.750000    1.354135   -0.604135 (VIOLATED)
_316_/A                                 0.750000    1.354065   -0.604065 (VIOLATED)
_276_/A                                 0.750000    1.353997   -0.603997 (VIOLATED)
_278_/A1                                0.750000    1.353996   -0.603996 (VIOLATED)
_308_/A1                                0.750000    1.353992   -0.603992 (VIOLATED)
_306_/A                                 0.750000    1.353986   -0.603986 (VIOLATED)
_318_/A1                                0.750000    1.353881   -0.603881 (VIOLATED)
_341_/A                                 0.750000    1.353823   -0.603823 (VIOLATED)
_343_/A1                                0.750000    1.353824   -0.603824 (VIOLATED)
_208_/A1                                0.750000    1.353676   -0.603676 (VIOLATED)
_206_/A                                 0.750000    1.353675   -0.603675 (VIOLATED)
_198_/A                                 0.750000    1.353673   -0.603673 (VIOLATED)
_197_/A1                                0.750000    1.353672   -0.603672 (VIOLATED)
_348_/A1                                0.750000    1.353663   -0.603663 (VIOLATED)
_346_/A                                 0.750000    1.353631   -0.603631 (VIOLATED)
_211_/A                                 0.750000    1.353583   -0.603583 (VIOLATED)
_213_/A1                                0.750000    1.353561   -0.603561 (VIOLATED)
_336_/A                                 0.750000    1.353475   -0.603475 (VIOLATED)
_338_/A1                                0.750000    1.353391   -0.603391 (VIOLATED)
_326_/A                                 0.750000    1.353323   -0.603323 (VIOLATED)
_333_/A1                                0.750000    1.353323   -0.603323 (VIOLATED)
_331_/A                                 0.750000    1.353288   -0.603288 (VIOLATED)
_328_/A1                                0.750000    1.353255   -0.603255 (VIOLATED)
_216_/A                                 0.750000    1.353201   -0.603201 (VIOLATED)
_218_/A1                                0.750000    1.353200   -0.603200 (VIOLATED)
_221_/A                                 0.750000    1.353198   -0.603198 (VIOLATED)
_223_/A1                                0.750000    1.353197   -0.603197 (VIOLATED)
_226_/A                                 0.750000    1.353196   -0.603196 (VIOLATED)
_228_/A1                                0.750000    1.353192   -0.603192 (VIOLATED)
_298_/A1                                0.750000    1.353110   -0.603110 (VIOLATED)
y                                       0.750000    1.353066   -0.603066 (VIOLATED)
_231_/A                                 0.750000    1.353066   -0.603066 (VIOLATED)
_233_/A1                                0.750000    1.353066   -0.603066 (VIOLATED)
_236_/A                                 0.750000    1.353066   -0.603066 (VIOLATED)
_238_/A1                                0.750000    1.353066   -0.603066 (VIOLATED)

max fanout

Pin                                   Limit Fanout  Slack
---------------------------------------------------------
rst                                      10     64    -54 (VIOLATED)
y                                        10     64    -54 (VIOLATED)

max capacitance

Pin                                        Limit         Cap       Slack
------------------------------------------------------------------------
rst                                     0.200000    0.367447   -0.167447 (VIOLATED)
y                                       0.200000    0.304363   -0.104363 (VIOLATED)



===========================================================================
report_parasitic_annotation -report_unannotated
============================================================================
Found 6 unannotated drivers.
 clkload0/X
 clkload1/X
 clkload2/X
 clkload3/X
 clkload4/X
 clkload5/X
Found 0 partially unannotated drivers.

===========================================================================
max slew violation count 130
max fanout violation count 2
max cap violation count 2
============================================================================

===========================================================================
check_setup -verbose -unconstrained_endpoints -multiple_clock -no_clock -no_input_delay -loops -generated_clocks
===========================================================================
