
===========================================================================
 report_power
============================================================================
======================= min_tt_025C_1v80 Corner ===================================

Group                    Internal    Switching      Leakage        Total
                            Power        Power        Power        Power (Watts)
------------------------------------------------------------------------
Sequential           4.010073e-04 1.085563e-04 7.252810e-10 5.095643e-04  44.1%
Combinational        2.287465e-04 1.326972e-04 1.042973e-09 3.614448e-04  31.3%
Clock                1.902078e-04 9.400673e-05 9.537015e-10 2.842155e-04  24.6%
Macro                0.000000e+00 0.000000e+00 0.000000e+00 0.000000e+00   0.0%
Pad                  0.000000e+00 0.000000e+00 0.000000e+00 0.000000e+00   0.0%
------------------------------------------------------------------------
Total                8.199616e-04 3.352602e-04 2.721957e-09 1.155225e-03 100.0%
                            71.0%        29.0%         0.0%

