
===========================================================================
report_checks -unconstrained
===========================================================================
======================= max_ss_100C_1v60 Corner ===================================

Startpoint: rst (input port clocked by clk)
Endpoint: _426_ (recovery check against rising-edge clock clk)
Path Group: asynchronous
Path Type: max

Fanout         Cap        Slew       Delay        Time   Description
---------------------------------------------------------------------------------------------
                                  0.000000    0.000000   clock clk (rise edge)
                                  0.000000    0.000000   clock network delay (propagated)
                                  2.000000    2.000000 v input external delay
    64    0.359654    1.502941    1.126824    3.126824 v rst (in)
                                                         rst (net)
                      1.512406    0.000000    3.126824 v _362_/A (sky130_fd_sc_hd__inv_2)
     1    0.004535    0.255475    0.345281    3.472105 ^ _362_/Y (sky130_fd_sc_hd__inv_2)
                                                         _046_ (net)
                      0.255475    0.000234    3.472339 ^ _426_/RESET_B (sky130_fd_sc_hd__dfrtp_2)
                                              3.472339   data arrival time

                                 10.000000   10.000000   clock clk (rise edge)
                                  0.000000   10.000000   clock source latency
     1    0.021095    0.157693    0.108214   10.108214 ^ clk (in)
                                                         clk (net)
                      0.157722    0.000000   10.108214 ^ clkbuf_0_clk/A (sky130_fd_sc_hd__clkbuf_16)
     8    0.085695    0.156010    0.338404   10.446618 ^ clkbuf_0_clk/X (sky130_fd_sc_hd__clkbuf_16)
                                                         clknet_0_clk (net)
                      0.156100    0.003490   10.450108 ^ clkbuf_3_2__f_clk/A (sky130_fd_sc_hd__clkbuf_16)
     9    0.026716    0.076207    0.269464   10.719572 ^ clkbuf_3_2__f_clk/X (sky130_fd_sc_hd__clkbuf_16)
                                                         clknet_3_2__leaf_clk (net)
                      0.076459    0.003490   10.723062 ^ _426_/CLK (sky130_fd_sc_hd__dfrtp_2)
                                 -0.250000   10.473062   clock uncertainty
                                  0.000000   10.473062   clock reconvergence pessimism
                                  0.367472   10.840534   library recovery time
                                             10.840534   data required time
---------------------------------------------------------------------------------------------
                                             10.840534   data required time
                                             -3.472339   data arrival time
---------------------------------------------------------------------------------------------
                                              7.368195   slack (MET)


Startpoint: y (input port clocked by clk)
Endpoint: _416_ (rising edge-triggered flip-flop clocked by clk)
Path Group: clk
Path Type: max

Fanout         Cap        Slew       Delay        Time   Description
---------------------------------------------------------------------------------------------
                                  0.000000    0.000000   clock clk (rise edge)
                                  0.000000    0.000000   clock network delay (propagated)
                                  2.000000    2.000000 ^ input external delay
    64    0.320667    2.284118    1.607991    3.607991 ^ y (in)
                                                         y (net)
                      2.286567    0.000000    3.607991 ^ _198_/A (sky130_fd_sc_hd__nand3_2)
     1    0.002743    0.351159    0.443576    4.051567 v _198_/Y (sky130_fd_sc_hd__nand3_2)
                                                         _100_ (net)
                      0.351159    0.000164    4.051731 v _199_/B (sky130_fd_sc_hd__and2_2)
     1    0.002830    0.070381    0.531727    4.583458 v _199_/X (sky130_fd_sc_hd__and2_2)
                                                         _031_ (net)
                      0.070381    0.000179    4.583637 v _416_/D (sky130_fd_sc_hd__dfrtp_2)
                                              4.583637   data arrival time

                                 10.000000   10.000000   clock clk (rise edge)
                                  0.000000   10.000000   clock source latency
     1    0.021095    0.157693    0.108214   10.108214 ^ clk (in)
                                                         clk (net)
                      0.157722    0.000000   10.108214 ^ clkbuf_0_clk/A (sky130_fd_sc_hd__clkbuf_16)
     8    0.085695    0.156010    0.338404   10.446618 ^ clkbuf_0_clk/X (sky130_fd_sc_hd__clkbuf_16)
                                                         clknet_0_clk (net)
                      0.156192    0.004721   10.451339 ^ clkbuf_3_0__f_clk/A (sky130_fd_sc_hd__clkbuf_16)
     9    0.029153    0.079289    0.273604   10.724943 ^ clkbuf_3_0__f_clk/X (sky130_fd_sc_hd__clkbuf_16)
                                                         clknet_3_0__leaf_clk (net)
                      0.079344    0.001830   10.726772 ^ _416_/CLK (sky130_fd_sc_hd__dfrtp_2)
                                 -0.250000   10.476772   clock uncertainty
                                  0.000000   10.476772   clock reconvergence pessimism
                                 -0.274278   10.202496   library setup time
                                             10.202496   data required time
---------------------------------------------------------------------------------------------
                                             10.202496   data required time
                                             -4.583637   data arrival time
---------------------------------------------------------------------------------------------
                                              5.618858   slack (MET)




===========================================================================
report_checks --slack_max -0.01
============================================================================
======================= max_ss_100C_1v60 Corner ===================================

No paths found.


===========================================================================
 report_check_types -max_slew -max_cap -max_fanout -violators
============================================================================
======================= max_ss_100C_1v60 Corner ===================================

max slew

Pin                                        Limit        Slew       Slack
------------------------------------------------------------------------
_362_/A                                 0.750000    2.700269   -1.950269 (VIOLATED)
_361_/A                                 0.750000    2.700257   -1.950257 (VIOLATED)
_364_/A                                 0.750000    2.700224   -1.950224 (VIOLATED)
_363_/A                                 0.750000    2.700168   -1.950168 (VIOLATED)
_366_/A                                 0.750000    2.700111   -1.950111 (VIOLATED)
_394_/A                                 0.750000    2.700095   -1.950095 (VIOLATED)
_404_/A                                 0.750000    2.700059   -1.950059 (VIOLATED)
_365_/A                                 0.750000    2.700032   -1.950032 (VIOLATED)
_368_/A                                 0.750000    2.700003   -1.950003 (VIOLATED)
_367_/A                                 0.750000    2.699967   -1.949967 (VIOLATED)
_392_/A                                 0.750000    2.699823   -1.949823 (VIOLATED)
_370_/A                                 0.750000    2.699647   -1.949647 (VIOLATED)
_369_/A                                 0.750000    2.699572   -1.949572 (VIOLATED)
_372_/A                                 0.750000    2.699357   -1.949357 (VIOLATED)
_374_/A                                 0.750000    2.698961   -1.948961 (VIOLATED)
_389_/A                                 0.750000    2.698807   -1.948807 (VIOLATED)
_390_/A                                 0.750000    2.698802   -1.948802 (VIOLATED)
_371_/A                                 0.750000    2.698759   -1.948759 (VIOLATED)
_388_/A                                 0.750000    2.698736   -1.948736 (VIOLATED)
_376_/A                                 0.750000    2.698518   -1.948518 (VIOLATED)
_373_/A                                 0.750000    2.698025   -1.948025 (VIOLATED)
_375_/A                                 0.750000    2.697922   -1.947922 (VIOLATED)
_191_/A                                 0.750000    2.697697   -1.947697 (VIOLATED)
_377_/A                                 0.750000    2.697692   -1.947692 (VIOLATED)
_378_/A                                 0.750000    2.697564   -1.947564 (VIOLATED)
_385_/A                                 0.750000    2.697493   -1.947493 (VIOLATED)
_359_/A                                 0.750000    2.697217   -1.947218 (VIOLATED)
_360_/A                                 0.750000    2.697215   -1.947215 (VIOLATED)
_405_/A                                 0.750000    2.697194   -1.947194 (VIOLATED)
_408_/A                                 0.750000    2.697191   -1.947191 (VIOLATED)
_380_/A                                 0.750000    2.697175   -1.947174 (VIOLATED)
_357_/A                                 0.750000    2.697166   -1.947166 (VIOLATED)
_412_/A                                 0.750000    2.697162   -1.947162 (VIOLATED)
_411_/A                                 0.750000    2.697151   -1.947151 (VIOLATED)
_356_/A                                 0.750000    2.697105   -1.947105 (VIOLATED)
_409_/A                                 0.750000    2.697103   -1.947103 (VIOLATED)
_400_/A                                 0.750000    2.697101   -1.947101 (VIOLATED)
_358_/A                                 0.750000    2.697041   -1.947041 (VIOLATED)
_406_/A                                 0.750000    2.697006   -1.947007 (VIOLATED)
_403_/A                                 0.750000    2.697001   -1.947000 (VIOLATED)
_407_/A                                 0.750000    2.696978   -1.946978 (VIOLATED)
_391_/A                                 0.750000    2.696975   -1.946975 (VIOLATED)
_401_/A                                 0.750000    2.696960   -1.946959 (VIOLATED)
_402_/A                                 0.750000    2.696944   -1.946944 (VIOLATED)
_410_/A                                 0.750000    2.696944   -1.946944 (VIOLATED)
_384_/A                                 0.750000    2.696928   -1.946929 (VIOLATED)
_399_/A                                 0.750000    2.696921   -1.946921 (VIOLATED)
_396_/A                                 0.750000    2.696860   -1.946860 (VIOLATED)
_387_/A                                 0.750000    2.696688   -1.946688 (VIOLATED)
_386_/A                                 0.750000    2.696684   -1.946684 (VIOLATED)
_393_/A                                 0.750000    2.696660   -1.946660 (VIOLATED)
_383_/A                                 0.750000    2.696588   -1.946588 (VIOLATED)
_395_/A                                 0.750000    2.696526   -1.946526 (VIOLATED)
_354_/A                                 0.750000    2.695760   -1.945760 (VIOLATED)
_352_/A                                 0.750000    2.695443   -1.945443 (VIOLATED)
_351_/A                                 0.750000    2.695435   -1.945435 (VIOLATED)
_355_/A                                 0.750000    2.695412   -1.945412 (VIOLATED)
_397_/A                                 0.750000    2.695391   -1.945391 (VIOLATED)
_398_/A                                 0.750000    2.695379   -1.945379 (VIOLATED)
_353_/A                                 0.750000    2.695361   -1.945361 (VIOLATED)
_381_/A                                 0.750000    2.694987   -1.944987 (VIOLATED)
_382_/A                                 0.750000    2.694772   -1.944772 (VIOLATED)
_379_/A                                 0.750000    2.694577   -1.944577 (VIOLATED)
_350_/A                                 0.750000    2.694443   -1.944443 (VIOLATED)
rst                                     0.750000    2.694423   -1.944423 (VIOLATED)
_296_/A                                 0.750000    2.292162   -1.542162 (VIOLATED)
_291_/A                                 0.750000    2.292121   -1.542121 (VIOLATED)
_243_/A1                                0.750000    2.292119   -1.542119 (VIOLATED)
_293_/A1                                0.750000    2.292116   -1.542116 (VIOLATED)
_241_/A                                 0.750000    2.292103   -1.542103 (VIOLATED)
_246_/A                                 0.750000    2.292016   -1.542016 (VIOLATED)
_248_/A1                                0.750000    2.291797   -1.541797 (VIOLATED)
_251_/A                                 0.750000    2.291654   -1.541654 (VIOLATED)
_321_/A                                 0.750000    2.291651   -1.541651 (VIOLATED)
_301_/A                                 0.750000    2.291645   -1.541645 (VIOLATED)
_253_/A1                                0.750000    2.291632   -1.541632 (VIOLATED)
_323_/A1                                0.750000    2.291631   -1.541631 (VIOLATED)
_303_/A1                                0.750000    2.291606   -1.541606 (VIOLATED)
_258_/A1                                0.750000    2.291600   -1.541600 (VIOLATED)
_256_/A                                 0.750000    2.291594   -1.541594 (VIOLATED)
_286_/A                                 0.750000    2.291573   -1.541573 (VIOLATED)
_288_/A1                                0.750000    2.291573   -1.541573 (VIOLATED)
_283_/A1                                0.750000    2.291447   -1.541447 (VIOLATED)
_281_/A                                 0.750000    2.291370   -1.541370 (VIOLATED)
_263_/A1                                0.750000    2.291137   -1.541137 (VIOLATED)
_261_/A                                 0.750000    2.291120   -1.541120 (VIOLATED)
_266_/A                                 0.750000    2.291041   -1.541041 (VIOLATED)
_193_/A                                 0.750000    2.290728   -1.540728 (VIOLATED)
_195_/A1                                0.750000    2.290462   -1.540463 (VIOLATED)
_268_/A1                                0.750000    2.290070   -1.540070 (VIOLATED)
_271_/A                                 0.750000    2.289964   -1.539964 (VIOLATED)
_273_/A1                                0.750000    2.289586   -1.539586 (VIOLATED)
_201_/A                                 0.750000    2.289185   -1.539185 (VIOLATED)
_203_/A1                                0.750000    2.289055   -1.539055 (VIOLATED)
_313_/A1                                0.750000    2.288904   -1.538904 (VIOLATED)
_311_/A                                 0.750000    2.288654   -1.538654 (VIOLATED)
_316_/A                                 0.750000    2.288485   -1.538485 (VIOLATED)
_276_/A                                 0.750000    2.288131   -1.538131 (VIOLATED)
_278_/A1                                0.750000    2.288123   -1.538123 (VIOLATED)
_308_/A1                                0.750000    2.288106   -1.538106 (VIOLATED)
_306_/A                                 0.750000    2.288098   -1.538098 (VIOLATED)
_318_/A1                                0.750000    2.287621   -1.537621 (VIOLATED)
_341_/A                                 0.750000    2.287290   -1.537290 (VIOLATED)
_343_/A1                                0.750000    2.287287   -1.537287 (VIOLATED)
_208_/A1                                0.750000    2.286581   -1.536581 (VIOLATED)
_206_/A                                 0.750000    2.286577   -1.536577 (VIOLATED)
_198_/A                                 0.750000    2.286567   -1.536567 (VIOLATED)
_197_/A1                                0.750000    2.286550   -1.536550 (VIOLATED)
_348_/A1                                0.750000    2.286530   -1.536530 (VIOLATED)
_346_/A                                 0.750000    2.286239   -1.536239 (VIOLATED)
_211_/A                                 0.750000    2.286143   -1.536143 (VIOLATED)
_213_/A1                                0.750000    2.286083   -1.536083 (VIOLATED)
_336_/A                                 0.750000    2.285707   -1.535707 (VIOLATED)
_338_/A1                                0.750000    2.285342   -1.535342 (VIOLATED)
_326_/A                                 0.750000    2.285201   -1.535201 (VIOLATED)
_333_/A1                                0.750000    2.285191   -1.535191 (VIOLATED)
_331_/A                                 0.750000    2.284967   -1.534967 (VIOLATED)
_328_/A1                                0.750000    2.284757   -1.534757 (VIOLATED)
_216_/A                                 0.750000    2.284540   -1.534540 (VIOLATED)
_218_/A1                                0.750000    2.284537   -1.534537 (VIOLATED)
_221_/A                                 0.750000    2.284534   -1.534534 (VIOLATED)
_223_/A1                                0.750000    2.284528   -1.534528 (VIOLATED)
_226_/A                                 0.750000    2.284528   -1.534528 (VIOLATED)
_228_/A1                                0.750000    2.284518   -1.534518 (VIOLATED)
_298_/A1                                0.750000    2.284339   -1.534339 (VIOLATED)
_238_/A1                                0.750000    2.284123   -1.534123 (VIOLATED)
y                                       0.750000    2.284118   -1.534118 (VIOLATED)
_231_/A                                 0.750000    2.284118   -1.534118 (VIOLATED)
_233_/A1                                0.750000    2.284118   -1.534118 (VIOLATED)
_236_/A                                 0.750000    2.284118   -1.534118 (VIOLATED)

max fanout

Pin                                   Limit Fanout  Slack
---------------------------------------------------------
rst                                      10     64    -54 (VIOLATED)
y                                        10     64    -54 (VIOLATED)

max capacitance

Pin                                        Limit         Cap       Slack
------------------------------------------------------------------------
rst                                     0.200000    0.379430   -0.179430 (VIOLATED)
y                                       0.200000    0.320667   -0.120667 (VIOLATED)



===========================================================================
report_parasitic_annotation -report_unannotated
============================================================================
Found 6 unannotated drivers.
 clkload0/X
 clkload1/X
 clkload2/X
 clkload3/X
 clkload4/X
 clkload5/X
Found 0 partially unannotated drivers.

===========================================================================
max slew violation count 130
max fanout violation count 2
max cap violation count 2
============================================================================

===========================================================================
check_setup -verbose -unconstrained_endpoints -multiple_clock -no_clock -no_input_delay -loops -generated_clocks
===========================================================================
