
===========================================================================
report_checks -unconstrained
===========================================================================
======================= min_ss_100C_1v60 Corner ===================================

Startpoint: rst (input port clocked by clk)
Endpoint: _426_ (recovery check against rising-edge clock clk)
Path Group: asynchronous
Path Type: max

Fanout         Cap        Slew       Delay        Time   Description
---------------------------------------------------------------------------------------------
                                  0.000000    0.000000   clock clk (rise edge)
                                  0.000000    0.000000   clock network delay (propagated)
                                  2.000000    2.000000 v input external delay
    64    0.345559    1.434919    1.058950    3.058950 v rst (in)
                                                         rst (net)
                      1.436153    0.000000    3.058950 v _362_/A (sky130_fd_sc_hd__inv_2)
     1    0.004301    0.250562    0.328558    3.387508 ^ _362_/Y (sky130_fd_sc_hd__inv_2)
                                                         _046_ (net)
                      0.250562    0.000044    3.387552 ^ _426_/RESET_B (sky130_fd_sc_hd__dfrtp_2)
                                              3.387552   data arrival time

                                 10.000000   10.000000   clock clk (rise edge)
                                  0.000000   10.000000   clock source latency
     1    0.019042    0.143266    0.097599   10.097599 ^ clk (in)
                                                         clk (net)
                      0.143275    0.000000   10.097599 ^ clkbuf_0_clk/A (sky130_fd_sc_hd__clkbuf_16)
     8    0.081463    0.150342    0.329021   10.426620 ^ clkbuf_0_clk/X (sky130_fd_sc_hd__clkbuf_16)
                                                         clknet_0_clk (net)
                      0.150342    0.000655   10.427276 ^ clkbuf_3_2__f_clk/A (sky130_fd_sc_hd__clkbuf_16)
     9    0.024936    0.073645    0.265304   10.692579 ^ clkbuf_3_2__f_clk/X (sky130_fd_sc_hd__clkbuf_16)
                                                         clknet_3_2__leaf_clk (net)
                      0.073658    0.000826   10.693405 ^ _426_/CLK (sky130_fd_sc_hd__dfrtp_2)
                                 -0.250000   10.443405   clock uncertainty
                                  0.000000   10.443405   clock reconvergence pessimism
                                  0.368619   10.812024   library recovery time
                                             10.812024   data required time
---------------------------------------------------------------------------------------------
                                             10.812024   data required time
                                             -3.387552   data arrival time
---------------------------------------------------------------------------------------------
                                              7.424472   slack (MET)


Startpoint: y (input port clocked by clk)
Endpoint: _416_ (rising edge-triggered flip-flop clocked by clk)
Path Group: clk
Path Type: max

Fanout         Cap        Slew       Delay        Time   Description
---------------------------------------------------------------------------------------------
                                  0.000000    0.000000   clock clk (rise edge)
                                  0.000000    0.000000   clock network delay (propagated)
                                  2.000000    2.000000 ^ input external delay
    64    0.304151    2.162490    1.523450    3.523450 ^ y (in)
                                                         y (net)
                      2.162864    0.000000    3.523450 ^ _198_/A (sky130_fd_sc_hd__nand3_2)
     1    0.002465    0.338359    0.426037    3.949487 v _198_/Y (sky130_fd_sc_hd__nand3_2)
                                                         _100_ (net)
                      0.338359    0.000030    3.949516 v _199_/B (sky130_fd_sc_hd__and2_2)
     1    0.002629    0.069499    0.523487    4.473003 v _199_/X (sky130_fd_sc_hd__and2_2)
                                                         _031_ (net)
                      0.069499    0.000028    4.473032 v _416_/D (sky130_fd_sc_hd__dfrtp_2)
                                              4.473032   data arrival time

                                 10.000000   10.000000   clock clk (rise edge)
                                  0.000000   10.000000   clock source latency
     1    0.019042    0.143266    0.097599   10.097599 ^ clk (in)
                                                         clk (net)
                      0.143275    0.000000   10.097599 ^ clkbuf_0_clk/A (sky130_fd_sc_hd__clkbuf_16)
     8    0.081463    0.150342    0.329021   10.426620 ^ clkbuf_0_clk/X (sky130_fd_sc_hd__clkbuf_16)
                                                         clknet_0_clk (net)
                      0.150349    0.001238   10.427859 ^ clkbuf_3_0__f_clk/A (sky130_fd_sc_hd__clkbuf_16)
     9    0.027114    0.076490    0.268494   10.696353 ^ clkbuf_3_0__f_clk/X (sky130_fd_sc_hd__clkbuf_16)
                                                         clknet_3_0__leaf_clk (net)
                      0.076494    0.000612   10.696964 ^ _416_/CLK (sky130_fd_sc_hd__dfrtp_2)
                                 -0.250000   10.446964   clock uncertainty
                                  0.000000   10.446964   clock reconvergence pessimism
                                 -0.274669   10.172297   library setup time
                                             10.172297   data required time
---------------------------------------------------------------------------------------------
                                             10.172297   data required time
                                             -4.473032   data arrival time
---------------------------------------------------------------------------------------------
                                              5.699265   slack (MET)




===========================================================================
report_checks --slack_max -0.01
============================================================================
======================= min_ss_100C_1v60 Corner ===================================

No paths found.


===========================================================================
 report_check_types -max_slew -max_cap -max_fanout -violators
============================================================================
======================= min_ss_100C_1v60 Corner ===================================

max slew

Pin                                        Limit        Slew       Slack
------------------------------------------------------------------------
_362_/A                                 0.750000    2.590376   -1.840376 (VIOLATED)
_361_/A                                 0.750000    2.590374   -1.840374 (VIOLATED)
_364_/A                                 0.750000    2.590371   -1.840371 (VIOLATED)
_363_/A                                 0.750000    2.590362   -1.840362 (VIOLATED)
_366_/A                                 0.750000    2.590357   -1.840357 (VIOLATED)
_394_/A                                 0.750000    2.590355   -1.840355 (VIOLATED)
_404_/A                                 0.750000    2.590350   -1.840350 (VIOLATED)
_365_/A                                 0.750000    2.590346   -1.840346 (VIOLATED)
_368_/A                                 0.750000    2.590339   -1.840339 (VIOLATED)
_367_/A                                 0.750000    2.590330   -1.840330 (VIOLATED)
_392_/A                                 0.750000    2.590315   -1.840315 (VIOLATED)
_370_/A                                 0.750000    2.590292   -1.840292 (VIOLATED)
_369_/A                                 0.750000    2.590273   -1.840273 (VIOLATED)
_372_/A                                 0.750000    2.590246   -1.840247 (VIOLATED)
_374_/A                                 0.750000    2.590200   -1.840200 (VIOLATED)
_389_/A                                 0.750000    2.590178   -1.840178 (VIOLATED)
_390_/A                                 0.750000    2.590176   -1.840176 (VIOLATED)
_371_/A                                 0.750000    2.590172   -1.840172 (VIOLATED)
_388_/A                                 0.750000    2.590170   -1.840170 (VIOLATED)
_376_/A                                 0.750000    2.590150   -1.840150 (VIOLATED)
_373_/A                                 0.750000    2.590094   -1.840094 (VIOLATED)
_375_/A                                 0.750000    2.590068   -1.840068 (VIOLATED)
_191_/A                                 0.750000    2.590043   -1.840043 (VIOLATED)
_377_/A                                 0.750000    2.590042   -1.840042 (VIOLATED)
_378_/A                                 0.750000    2.590011   -1.840011 (VIOLATED)
_385_/A                                 0.750000    2.589994   -1.839994 (VIOLATED)
_359_/A                                 0.750000    2.589978   -1.839978 (VIOLATED)
_360_/A                                 0.750000    2.589978   -1.839978 (VIOLATED)
_405_/A                                 0.750000    2.589976   -1.839976 (VIOLATED)
_408_/A                                 0.750000    2.589975   -1.839975 (VIOLATED)
_357_/A                                 0.750000    2.589971   -1.839971 (VIOLATED)
_411_/A                                 0.750000    2.589969   -1.839969 (VIOLATED)
_412_/A                                 0.750000    2.589968   -1.839968 (VIOLATED)
_356_/A                                 0.750000    2.589962   -1.839962 (VIOLATED)
_400_/A                                 0.750000    2.589961   -1.839961 (VIOLATED)
_409_/A                                 0.750000    2.589962   -1.839962 (VIOLATED)
_358_/A                                 0.750000    2.589953   -1.839953 (VIOLATED)
_380_/A                                 0.750000    2.589953   -1.839953 (VIOLATED)
_403_/A                                 0.750000    2.589946   -1.839946 (VIOLATED)
_406_/A                                 0.750000    2.589947   -1.839947 (VIOLATED)
_391_/A                                 0.750000    2.589943   -1.839944 (VIOLATED)
_407_/A                                 0.750000    2.589942   -1.839942 (VIOLATED)
_410_/A                                 0.750000    2.589942   -1.839942 (VIOLATED)
_401_/A                                 0.750000    2.589939   -1.839939 (VIOLATED)
_399_/A                                 0.750000    2.589936   -1.839936 (VIOLATED)
_402_/A                                 0.750000    2.589936   -1.839935 (VIOLATED)
_384_/A                                 0.750000    2.589927   -1.839927 (VIOLATED)
_396_/A                                 0.750000    2.589921   -1.839921 (VIOLATED)
_386_/A                                 0.750000    2.589899   -1.839899 (VIOLATED)
_387_/A                                 0.750000    2.589900   -1.839900 (VIOLATED)
_393_/A                                 0.750000    2.589898   -1.839898 (VIOLATED)
_383_/A                                 0.750000    2.589880   -1.839880 (VIOLATED)
_395_/A                                 0.750000    2.589864   -1.839864 (VIOLATED)
_354_/A                                 0.750000    2.589787   -1.839787 (VIOLATED)
_351_/A                                 0.750000    2.589747   -1.839747 (VIOLATED)
_352_/A                                 0.750000    2.589747   -1.839747 (VIOLATED)
_355_/A                                 0.750000    2.589744   -1.839744 (VIOLATED)
_397_/A                                 0.750000    2.589741   -1.839741 (VIOLATED)
_398_/A                                 0.750000    2.589737   -1.839737 (VIOLATED)
_353_/A                                 0.750000    2.589733   -1.839733 (VIOLATED)
_381_/A                                 0.750000    2.589682   -1.839682 (VIOLATED)
_382_/A                                 0.750000    2.589661   -1.839661 (VIOLATED)
_379_/A                                 0.750000    2.589635   -1.839635 (VIOLATED)
rst                                     0.750000    2.589610   -1.839610 (VIOLATED)
_350_/A                                 0.750000    2.589610   -1.839610 (VIOLATED)
_243_/A1                                0.750000    2.163636   -1.413636 (VIOLATED)
_296_/A                                 0.750000    2.163638   -1.413638 (VIOLATED)
_241_/A                                 0.750000    2.163634   -1.413634 (VIOLATED)
_291_/A                                 0.750000    2.163633   -1.413633 (VIOLATED)
_293_/A1                                0.750000    2.163633   -1.413633 (VIOLATED)
_246_/A                                 0.750000    2.163622   -1.413622 (VIOLATED)
_248_/A1                                0.750000    2.163598   -1.413598 (VIOLATED)
_251_/A                                 0.750000    2.163578   -1.413578 (VIOLATED)
_301_/A                                 0.750000    2.163577   -1.413577 (VIOLATED)
_321_/A                                 0.750000    2.163579   -1.413579 (VIOLATED)
_323_/A1                                0.750000    2.163578   -1.413578 (VIOLATED)
_253_/A1                                0.750000    2.163574   -1.413574 (VIOLATED)
_303_/A1                                0.750000    2.163572   -1.413572 (VIOLATED)
_256_/A                                 0.750000    2.163562   -1.413562 (VIOLATED)
_258_/A1                                0.750000    2.163563   -1.413563 (VIOLATED)
_288_/A1                                0.750000    2.163563   -1.413563 (VIOLATED)
_286_/A                                 0.750000    2.163561   -1.413561 (VIOLATED)
_283_/A1                                0.750000    2.163544   -1.413544 (VIOLATED)
_281_/A                                 0.750000    2.163535   -1.413535 (VIOLATED)
_263_/A1                                0.750000    2.163491   -1.413491 (VIOLATED)
_261_/A                                 0.750000    2.163488   -1.413488 (VIOLATED)
_266_/A                                 0.750000    2.163468   -1.413468 (VIOLATED)
_193_/A                                 0.750000    2.163432   -1.413432 (VIOLATED)
_195_/A1                                0.750000    2.163417   -1.413417 (VIOLATED)
_268_/A1                                0.750000    2.163363   -1.413363 (VIOLATED)
_271_/A                                 0.750000    2.163333   -1.413333 (VIOLATED)
_273_/A1                                0.750000    2.163289   -1.413289 (VIOLATED)
_201_/A                                 0.750000    2.163231   -1.413231 (VIOLATED)
_203_/A1                                0.750000    2.163199   -1.413200 (VIOLATED)
_313_/A1                                0.750000    2.163160   -1.413160 (VIOLATED)
_311_/A                                 0.750000    2.163148   -1.413148 (VIOLATED)
_316_/A                                 0.750000    2.163105   -1.413105 (VIOLATED)
_276_/A                                 0.750000    2.163063   -1.413063 (VIOLATED)
_278_/A1                                0.750000    2.163063   -1.413062 (VIOLATED)
_308_/A1                                0.750000    2.163060   -1.413060 (VIOLATED)
_306_/A                                 0.750000    2.163056   -1.413056 (VIOLATED)
_318_/A1                                0.750000    2.162992   -1.412992 (VIOLATED)
_341_/A                                 0.750000    2.162956   -1.412957 (VIOLATED)
_343_/A1                                0.750000    2.162957   -1.412957 (VIOLATED)
_206_/A                                 0.750000    2.162865   -1.412866 (VIOLATED)
_208_/A1                                0.750000    2.162866   -1.412866 (VIOLATED)
_197_/A1                                0.750000    2.162863   -1.412863 (VIOLATED)
_198_/A                                 0.750000    2.162864   -1.412864 (VIOLATED)
_348_/A1                                0.750000    2.162858   -1.412858 (VIOLATED)
_346_/A                                 0.750000    2.162838   -1.412838 (VIOLATED)
_211_/A                                 0.750000    2.162809   -1.412809 (VIOLATED)
_213_/A1                                0.750000    2.162796   -1.412796 (VIOLATED)
_336_/A                                 0.750000    2.162742   -1.412742 (VIOLATED)
_338_/A1                                0.750000    2.162691   -1.412691 (VIOLATED)
_326_/A                                 0.750000    2.162649   -1.412649 (VIOLATED)
_333_/A1                                0.750000    2.162649   -1.412649 (VIOLATED)
_331_/A                                 0.750000    2.162627   -1.412627 (VIOLATED)
_328_/A1                                0.750000    2.162607   -1.412607 (VIOLATED)
_216_/A                                 0.750000    2.162573   -1.412573 (VIOLATED)
_218_/A1                                0.750000    2.162573   -1.412573 (VIOLATED)
_221_/A                                 0.750000    2.162571   -1.412572 (VIOLATED)
_223_/A1                                0.750000    2.162571   -1.412571 (VIOLATED)
_226_/A                                 0.750000    2.162570   -1.412570 (VIOLATED)
_228_/A1                                0.750000    2.162568   -1.412568 (VIOLATED)
_298_/A1                                0.750000    2.162517   -1.412517 (VIOLATED)
y                                       0.750000    2.162490   -1.412490 (VIOLATED)
_231_/A                                 0.750000    2.162490   -1.412490 (VIOLATED)
_233_/A1                                0.750000    2.162490   -1.412490 (VIOLATED)
_236_/A                                 0.750000    2.162490   -1.412490 (VIOLATED)
_238_/A1                                0.750000    2.162490   -1.412490 (VIOLATED)

max fanout

Pin                                   Limit Fanout  Slack
---------------------------------------------------------
rst                                      10     64    -54 (VIOLATED)
y                                        10     64    -54 (VIOLATED)

max capacitance

Pin                                        Limit         Cap       Slack
------------------------------------------------------------------------
rst                                     0.200000    0.365335   -0.165335 (VIOLATED)
y                                       0.200000    0.304151   -0.104151 (VIOLATED)



===========================================================================
report_parasitic_annotation -report_unannotated
============================================================================
Found 6 unannotated drivers.
 clkload0/X
 clkload1/X
 clkload2/X
 clkload3/X
 clkload4/X
 clkload5/X
Found 0 partially unannotated drivers.

===========================================================================
max slew violation count 130
max fanout violation count 2
max cap violation count 2
============================================================================

===========================================================================
check_setup -verbose -unconstrained_endpoints -multiple_clock -no_clock -no_input_delay -loops -generated_clocks
===========================================================================
